--- B?t ??u kh?i ??ng Giám sát & Gi?i h?n th?i gian Roblox ---
H?n m?c t?i ?a m?i ngày: 30 phút.
[08:52:13] Roblox không ho?t ??ng. Còn l?i: 30 phút.
[08:52:44] Roblox không ho?t ??ng. Còn l?i: 30 phút.
[08:53:14] Roblox không ho?t ??ng. Còn l?i: 30 phút.
[08:53:44] Roblox không ho?t ??ng. Còn l?i: 30 phút.
[08:54:14] Roblox không ho?t ??ng. Còn l?i: 30 phút.
[08:54:44] Roblox không ho?t ??ng. Còn l?i: 30 phút.
[08:55:14] Roblox không ho?t ??ng. Còn l?i: 30 phút.
[08:55:45] Roblox không ho?t ??ng. Còn l?i: 30 phút.
[08:56:15] Roblox không ho?t ??ng. Còn l?i: 30 phút.
[08:56:45] Roblox không ho?t ??ng. Còn l?i: 30 phút.
[08:57:15] Roblox không ho?t ??ng. Còn l?i: 30 phút.
[08:57:45] Roblox không ho?t ??ng. Còn l?i: 30 phút.
[08:58:15] Roblox không ho?t ??ng. Còn l?i: 30 phút.
[08:58:46] Roblox không ho?t ??ng. Còn l?i: 30 phút.
[08:59:16] Roblox không ho?t ??ng. Còn l?i: 30 phút.
[08:59:46] Roblox không ho?t ??ng. Còn l?i: 30 phút.
[09:00:16] Roblox không ho?t ??ng. Còn l?i: 30 phút.
[09:00:46] Roblox không ho?t ??ng. Còn l?i: 30 phút.
[09:01:16] Roblox không ho?t ??ng. Còn l?i: 30 phút.
[09:01:46] Roblox không ho?t ??ng. Còn l?i: 30 phút.
[09:02:17] Roblox không ho?t ??ng. Còn l?i: 30 phút.
[09:02:47] Roblox không ho?t ??ng. Còn l?i: 30 phút.
[09:03:17] Roblox không ho?t ??ng. Còn l?i: 30 phút.
[09:03:47] Roblox không ho?t ??ng. Còn l?i: 30 phút.
[09:04:17] Roblox không ho?t ??ng. Còn l?i: 30 phút.
[09:04:47] Roblox không ho?t ??ng. Còn l?i: 30 phút.
[09:05:17] Roblox không ho?t ??ng. Còn l?i: 30 phút.
[09:05:48] Roblox không ho?t ??ng. Còn l?i: 30 phút.
[09:06:18] Roblox không ho?t ??ng. Còn l?i: 30 phút.
[09:06:48] Roblox không ho?t ??ng. Còn l?i: 30 phút.
[09:07:18] Roblox không ho?t ??ng. Còn l?i: 30 phút.
[09:07:48] Roblox không ho?t ??ng. Còn l?i: 30 phút.
[09:08:18] Roblox không ho?t ??ng. Còn l?i: 30 phút.
[09:08:48] Roblox không ho?t ??ng. Còn l?i: 30 phút.
[09:09:19] Roblox không ho?t ??ng. Còn l?i: 30 phút.
[09:09:49] Roblox không ho?t ??ng. Còn l?i: 30 phút.
[09:10:19] Roblox không ho?t ??ng. Còn l?i: 30 phút.
[09:10:49] Roblox không ho?t ??ng. Còn l?i: 30 phút.
[09:11:19] Roblox không ho?t ??ng. Còn l?i: 30 phút.
[09:11:49] Roblox không ho?t ??ng. Còn l?i: 30 phút.
[09:12:20] Roblox không ho?t ??ng. Còn l?i: 30 phút.
[09:12:50] Roblox không ho?t ??ng. Còn l?i: 30 phút.
[09:13:20] Roblox không ho?t ??ng. Còn l?i: 30 phút.
[09:13:50] Roblox không ho?t ??ng. Còn l?i: 30 phút.
[09:14:20] Roblox không ho?t ??ng. Còn l?i: 30 phút.
[09:14:50] Roblox không ho?t ??ng. Còn l?i: 30 phút.
[09:15:21] Roblox không ho?t ??ng. Còn l?i: 30 phút.
[09:15:51] Roblox không ho?t ??ng. Còn l?i: 30 phút.
[09:16:21] Roblox không ho?t ??ng. Còn l?i: 30 phút.
[09:16:51] Roblox không ho?t ??ng. Còn l?i: 30 phút.
[09:17:21] Roblox không ho?t ??ng. Còn l?i: 30 phút.
[09:17:52] Roblox không ho?t ??ng. Còn l?i: 30 phút.
[09:18:22] Roblox không ho?t ??ng. Còn l?i: 30 phút.
[09:18:52] Roblox không ho?t ??ng. Còn l?i: 30 phút.
[09:19:22] Roblox không ho?t ??ng. Còn l?i: 30 phút.
[09:19:52] Roblox không ho?t ??ng. Còn l?i: 30 phút.
[09:20:22] Roblox không ho?t ??ng. Còn l?i: 30 phút.
[09:20:52] Roblox không ho?t ??ng. Còn l?i: 30 phút.
[09:21:23] Roblox không ho?t ??ng. Còn l?i: 30 phút.
[09:21:53] Roblox không ho?t ??ng. Còn l?i: 30 phút.
[09:22:23] Roblox không ho?t ??ng. Còn l?i: 30 phút.
[09:22:53] Roblox không ho?t ??ng. Còn l?i: 30 phút.
[09:23:23] Roblox không ho?t ??ng. Còn l?i: 30 phút.
[09:23:53] Roblox không ho?t ??ng. Còn l?i: 30 phút.
[09:24:24] Roblox không ho?t ??ng. Còn l?i: 30 phút.
[09:24:54] Roblox không ho?t ??ng. Còn l?i: 30 phút.
[09:25:24] Roblox không ho?t ??ng. Còn l?i: 30 phút.
[09:25:54] Roblox không ho?t ??ng. Còn l?i: 30 phút.
[09:26:24] Roblox không ho?t ??ng. Còn l?i: 30 phút.
[09:26:54] Roblox không ho?t ??ng. Còn l?i: 30 phút.
[09:27:25] Roblox không ho?t ??ng. Còn l?i: 30 phút.
[09:27:55] Roblox không ho?t ??ng. Còn l?i: 30 phút.
[09:28:25] Roblox không ho?t ??ng. Còn l?i: 30 phút.
[09:28:55] Roblox không ho?t ??ng. Còn l?i: 30 phút.
[09:29:25] Roblox không ho?t ??ng. Còn l?i: 30 phút.
[09:29:55] Roblox không ho?t ??ng. Còn l?i: 30 phút.
[09:30:26] Roblox không ho?t ??ng. Còn l?i: 30 phút.
[09:30:56] Roblox không ho?t ??ng. Còn l?i: 30 phút.
[09:31:26] Roblox không ho?t ??ng. Còn l?i: 30 phút.
[09:31:56] Roblox không ho?t ??ng. Còn l?i: 30 phút.
[09:32:26] Roblox không ho?t ??ng. Còn l?i: 30 phút.
[09:32:56] Roblox không ho?t ??ng. Còn l?i: 30 phút.
[09:33:27] Roblox không ho?t ??ng. Còn l?i: 30 phút.
[09:33:57] Roblox không ho?t ??ng. Còn l?i: 30 phút.
[09:34:27] Roblox không ho?t ??ng. Còn l?i: 30 phút.
[09:34:57] Roblox không ho?t ??ng. Còn l?i: 30 phút.
[09:35:27] Roblox không ho?t ??ng. Còn l?i: 30 phút.
[09:35:57] Roblox không ho?t ??ng. Còn l?i: 30 phút.
[09:36:28] Roblox không ho?t ??ng. Còn l?i: 30 phút.
[09:36:58] Roblox không ho?t ??ng. Còn l?i: 30 phút.
[09:37:28] Roblox không ho?t ??ng. Còn l?i: 30 phút.
[09:37:58] Roblox không ho?t ??ng. Còn l?i: 30 phút.
[09:38:28] Roblox không ho?t ??ng. Còn l?i: 30 phút.
[09:38:58] Roblox không ho?t ??ng. Còn l?i: 30 phút.
[09:39:29] Roblox không ho?t ??ng. Còn l?i: 30 phút.
[09:39:59] Roblox không ho?t ??ng. Còn l?i: 30 phút.
[09:40:29] Roblox không ho?t ??ng. Còn l?i: 30 phút.
[09:40:59] Roblox không ho?t ??ng. Còn l?i: 30 phút.
[09:41:29] Roblox không ho?t ??ng. Còn l?i: 30 phút.
[09:42:00] Roblox không ho?t ??ng. Còn l?i: 30 phút.
[09:42:30] Roblox không ho?t ??ng. Còn l?i: 30 phút.
[09:43:00] Roblox không ho?t ??ng. Còn l?i: 30 phút.
[09:43:30] Roblox không ho?t ??ng. Còn l?i: 30 phút.
[09:44:00] Roblox không ho?t ??ng. Còn l?i: 30 phút.
[09:44:30] Roblox không ho?t ??ng. Còn l?i: 30 phút.
[09:45:01] Roblox không ho?t ??ng. Còn l?i: 30 phút.
[09:45:31] Roblox không ho?t ??ng. Còn l?i: 30 phút.
[09:46:01] Roblox không ho?t ??ng. Còn l?i: 30 phút.
[09:46:31] Roblox không ho?t ??ng. Còn l?i: 30 phút.
[09:47:01] Roblox không ho?t ??ng. Còn l?i: 30 phút.
[09:47:32] Roblox không ho?t ??ng. Còn l?i: 30 phút.
[09:48:02] Roblox không ho?t ??ng. Còn l?i: 30 phút.
[09:48:32] Roblox không ho?t ??ng. Còn l?i: 30 phút.
[09:49:02] Roblox không ho?t ??ng. Còn l?i: 30 phút.
[09:49:32] Roblox không ho?t ??ng. Còn l?i: 30 phút.
[09:50:03] Roblox không ho?t ??ng. Còn l?i: 30 phút.
[09:50:33] Roblox không ho?t ??ng. Còn l?i: 30 phút.
[09:51:03] Roblox không ho?t ??ng. Còn l?i: 30 phút.
[09:51:33] Roblox không ho?t ??ng. Còn l?i: 30 phút.
[09:52:03] Roblox không ho?t ??ng. Còn l?i: 30 phút.
[09:52:33] Roblox không ho?t ??ng. Còn l?i: 30 phút.
[09:53:04] Roblox không ho?t ??ng. Còn l?i: 30 phút.
[09:53:34] Roblox không ho?t ??ng. Còn l?i: 30 phút.
[09:54:04] Roblox không ho?t ??ng. Còn l?i: 30 phút.
[09:54:34] Roblox không ho?t ??ng. Còn l?i: 30 phút.
[09:55:04] Roblox không ho?t ??ng. Còn l?i: 30 phút.
[09:55:34] Roblox không ho?t ??ng. Còn l?i: 30 phút.
[09:56:05] Roblox không ho?t ??ng. Còn l?i: 30 phút.
[09:56:35] Roblox không ho?t ??ng. Còn l?i: 30 phút.
[09:57:05] Roblox không ho?t ??ng. Còn l?i: 30 phút.
[09:57:35] Roblox không ho?t ??ng. Còn l?i: 30 phút.
[09:58:05] Roblox không ho?t ??ng. Còn l?i: 30 phút.
[09:58:35] Roblox không ho?t ??ng. Còn l?i: 30 phút.
[09:59:06] Roblox không ho?t ??ng. Còn l?i: 30 phút.
[09:59:36] Roblox không ho?t ??ng. Còn l?i: 30 phút.
[10:00:06] Roblox không ho?t ??ng. Còn l?i: 30 phút.
[10:00:36] Roblox không ho?t ??ng. Còn l?i: 30 phút.
[10:01:06] Roblox không ho?t ??ng. Còn l?i: 30 phút.
[10:01:37] Roblox không ho?t ??ng. Còn l?i: 30 phút.
[10:02:07] Roblox không ho?t ??ng. Còn l?i: 30 phút.
[10:02:37] Roblox không ho?t ??ng. Còn l?i: 30 phút.
[10:03:07] Roblox không ho?t ??ng. Còn l?i: 30 phút.
[10:03:37] Roblox không ho?t ??ng. Còn l?i: 30 phút.
[10:04:07] Roblox không ho?t ??ng. Còn l?i: 30 phút.
[10:04:38] Roblox không ho?t ??ng. Còn l?i: 30 phút.
[10:05:08] Roblox không ho?t ??ng. Còn l?i: 30 phút.
[10:05:38] Roblox không ho?t ??ng. Còn l?i: 30 phút.
[10:06:08] Roblox không ho?t ??ng. Còn l?i: 30 phút.
[10:06:38] Roblox không ho?t ??ng. Còn l?i: 30 phút.
[10:07:08] Roblox không ho?t ??ng. Còn l?i: 30 phút.
[10:07:39] Roblox không ho?t ??ng. Còn l?i: 30 phút.
[10:08:09] Roblox không ho?t ??ng. Còn l?i: 30 phút.
[10:08:39] Roblox không ho?t ??ng. Còn l?i: 30 phút.
[10:09:09] Roblox không ho?t ??ng. Còn l?i: 30 phút.
[10:09:39] Roblox không ho?t ??ng. Còn l?i: 30 phút.
[10:10:09] Roblox không ho?t ??ng. Còn l?i: 30 phút.
[10:10:40] Roblox không ho?t ??ng. Còn l?i: 30 phút.
[10:11:10] Roblox không ho?t ??ng. Còn l?i: 30 phút.
[10:11:40] Roblox không ho?t ??ng. Còn l?i: 30 phút.
[10:12:10] Roblox không ho?t ??ng. Còn l?i: 30 phút.
[10:12:40] Roblox không ho?t ??ng. Còn l?i: 30 phút.
[10:13:10] Roblox không ho?t ??ng. Còn l?i: 30 phút.
[10:13:41] Roblox không ho?t ??ng. Còn l?i: 30 phút.
[10:14:11] Roblox không ho?t ??ng. Còn l?i: 30 phút.
[10:14:41] Roblox không ho?t ??ng. Còn l?i: 30 phút.
[10:15:11] Roblox không ho?t ??ng. Còn l?i: 30 phút.
[10:15:41] Roblox không ho?t ??ng. Còn l?i: 30 phút.
[10:16:11] Roblox không ho?t ??ng. Còn l?i: 30 phút.
[10:16:42] Roblox không ho?t ??ng. Còn l?i: 30 phút.
[10:17:12] Roblox không ho?t ??ng. Còn l?i: 30 phút.
[10:17:42] Roblox không ho?t ??ng. Còn l?i: 30 phút.
[10:18:12] Roblox không ho?t ??ng. Còn l?i: 30 phút.
[10:18:42] Roblox không ho?t ??ng. Còn l?i: 30 phút.
[10:19:12] Roblox không ho?t ??ng. Còn l?i: 30 phút.
[10:19:43] Roblox không ho?t ??ng. Còn l?i: 30 phút.
[10:20:13] Roblox không ho?t ??ng. Còn l?i: 30 phút.
[10:20:43] Roblox không ho?t ??ng. Còn l?i: 30 phút.
[10:21:13] Roblox không ho?t ??ng. Còn l?i: 30 phút.
[10:21:43] Roblox không ho?t ??ng. Còn l?i: 30 phút.
[10:22:13] Roblox không ho?t ??ng. Còn l?i: 30 phút.
[10:22:43] Roblox không ho?t ??ng. Còn l?i: 30 phút.
[10:23:14] Roblox không ho?t ??ng. Còn l?i: 30 phút.
[10:23:44] Roblox không ho?t ??ng. Còn l?i: 30 phút.
[10:24:14] Roblox không ho?t ??ng. Còn l?i: 30 phút.
[10:24:44] Roblox không ho?t ??ng. Còn l?i: 30 phút.
[10:25:14] Roblox không ho?t ??ng. Còn l?i: 30 phút.
[10:25:44] Roblox không ho?t ??ng. Còn l?i: 30 phút.
[10:26:15] Roblox không ho?t ??ng. Còn l?i: 30 phút.
[10:26:45] Roblox không ho?t ??ng. Còn l?i: 30 phút.
[10:27:15] Roblox không ho?t ??ng. Còn l?i: 30 phút.
[10:27:45] Roblox không ho?t ??ng. Còn l?i: 30 phút.
[10:28:15] Roblox không ho?t ??ng. Còn l?i: 30 phút.
[10:28:45] Roblox không ho?t ??ng. Còn l?i: 30 phút.
[10:29:16] Roblox không ho?t ??ng. Còn l?i: 30 phút.
[10:29:46] Roblox không ho?t ??ng. Còn l?i: 30 phút.
[10:30:16] Roblox không ho?t ??ng. Còn l?i: 30 phút.
[10:30:46] Roblox không ho?t ??ng. Còn l?i: 30 phút.
[10:31:16] Roblox không ho?t ??ng. Còn l?i: 30 phút.
[10:31:46] Roblox không ho?t ??ng. Còn l?i: 30 phút.
[10:32:16] Roblox không ho?t ??ng. Còn l?i: 30 phút.
[10:32:47] Roblox không ho?t ??ng. Còn l?i: 30 phút.
[10:33:17] Roblox không ho?t ??ng. Còn l?i: 30 phút.
[10:33:47] Roblox không ho?t ??ng. Còn l?i: 30 phút.
[10:34:17] Roblox không ho?t ??ng. Còn l?i: 30 phút.
[10:34:47] Roblox không ho?t ??ng. Còn l?i: 30 phút.
[10:35:17] Roblox không ho?t ??ng. Còn l?i: 30 phút.
[10:35:48] Roblox không ho?t ??ng. Còn l?i: 30 phút.
[10:36:18] Roblox không ho?t ??ng. Còn l?i: 30 phút.
[10:36:48] Roblox không ho?t ??ng. Còn l?i: 30 phút.
[10:37:18] Roblox không ho?t ??ng. Còn l?i: 30 phút.
[10:37:48] Roblox không ho?t ??ng. Còn l?i: 30 phút.
[10:38:18] Roblox không ho?t ??ng. Còn l?i: 30 phút.
[10:38:48] Roblox không ho?t ??ng. Còn l?i: 30 phút.
[10:39:19] Roblox không ho?t ??ng. Còn l?i: 30 phút.
[10:39:49] Roblox không ho?t ??ng. Còn l?i: 30 phút.
[10:40:19] Roblox không ho?t ??ng. Còn l?i: 30 phút.
[10:40:49] Roblox không ho?t ??ng. Còn l?i: 30 phút.
[10:41:19] Roblox không ho?t ??ng. Còn l?i: 30 phút.
[10:41:49] Roblox không ho?t ??ng. Còn l?i: 30 phút.
[10:42:20] Roblox không ho?t ??ng. Còn l?i: 30 phút.
[10:42:50] Roblox không ho?t ??ng. Còn l?i: 30 phút.
[10:43:20] Roblox không ho?t ??ng. Còn l?i: 30 phút.
[10:43:50] Roblox không ho?t ??ng. Còn l?i: 30 phút.
[10:44:20] Roblox không ho?t ??ng. Còn l?i: 30 phút.
[10:44:51] Roblox không ho?t ??ng. Còn l?i: 30 phút.
[10:45:21] Roblox không ho?t ??ng. Còn l?i: 30 phút.
[10:45:51] Roblox không ho?t ??ng. Còn l?i: 30 phút.
[10:46:21] Roblox không ho?t ??ng. Còn l?i: 30 phút.
[10:46:51] Roblox không ho?t ??ng. Còn l?i: 30 phút.
[10:47:21] Roblox không ho?t ??ng. Còn l?i: 30 phút.
[10:47:52] Roblox không ho?t ??ng. Còn l?i: 30 phút.
[10:48:22] Roblox không ho?t ??ng. Còn l?i: 30 phút.
[10:48:52] Roblox không ho?t ??ng. Còn l?i: 30 phút.
[10:49:22] Roblox không ho?t ??ng. Còn l?i: 30 phút.
[10:49:52] Roblox không ho?t ??ng. Còn l?i: 30 phút.
[10:50:22] Roblox không ho?t ??ng. Còn l?i: 30 phút.
[10:50:53] Roblox không ho?t ??ng. Còn l?i: 30 phút.
[10:51:23] Roblox không ho?t ??ng. Còn l?i: 30 phút.
[10:51:53] Roblox không ho?t ??ng. Còn l?i: 30 phút.
[10:52:23] Roblox không ho?t ??ng. Còn l?i: 30 phút.
[10:52:53] Roblox không ho?t ??ng. Còn l?i: 30 phút.
[10:53:23] Roblox không ho?t ??ng. Còn l?i: 30 phút.
[10:53:53] Roblox không ho?t ??ng. Còn l?i: 30 phút.
[10:54:24] Roblox không ho?t ??ng. Còn l?i: 30 phút.
[10:54:54] Roblox không ho?t ??ng. Còn l?i: 30 phút.
[10:55:24] Roblox không ho?t ??ng. Còn l?i: 30 phút.
[10:55:54] Roblox không ho?t ??ng. Còn l?i: 30 phút.
[10:56:24] Roblox không ho?t ??ng. Còn l?i: 30 phút.
[10:56:54] Roblox không ho?t ??ng. Còn l?i: 30 phút.
[10:57:25] Roblox không ho?t ??ng. Còn l?i: 30 phút.
[10:57:55] Roblox không ho?t ??ng. Còn l?i: 30 phút.
[10:58:25] Roblox không ho?t ??ng. Còn l?i: 30 phút.
[10:58:55] Roblox không ho?t ??ng. Còn l?i: 30 phút.
[10:59:25] Roblox không ho?t ??ng. Còn l?i: 30 phút.
[10:59:55] Roblox không ho?t ??ng. Còn l?i: 30 phút.
[11:00:26] Roblox không ho?t ??ng. Còn l?i: 30 phút.
[11:00:56] Roblox không ho?t ??ng. Còn l?i: 30 phút.
[11:01:26] Roblox không ho?t ??ng. Còn l?i: 30 phút.
[11:01:56] Roblox không ho?t ??ng. Còn l?i: 30 phút.
[11:02:26] Roblox không ho?t ??ng. Còn l?i: 30 phút.
[11:02:56] Roblox không ho?t ??ng. Còn l?i: 30 phút.
[11:03:27] Roblox không ho?t ??ng. Còn l?i: 30 phút.
[11:03:57] Roblox không ho?t ??ng. Còn l?i: 30 phút.
[11:04:27] Roblox không ho?t ??ng. Còn l?i: 30 phút.
[11:04:57] Roblox không ho?t ??ng. Còn l?i: 30 phút.
[11:05:27] Roblox không ho?t ??ng. Còn l?i: 30 phút.
[11:05:57] Roblox không ho?t ??ng. Còn l?i: 30 phút.
[11:06:28] Roblox không ho?t ??ng. Còn l?i: 30 phút.
[11:06:58] Roblox không ho?t ??ng. Còn l?i: 30 phút.
[11:07:28] Roblox không ho?t ??ng. Còn l?i: 30 phút.
[11:07:58] Roblox không ho?t ??ng. Còn l?i: 30 phút.
[11:08:28] Roblox không ho?t ??ng. Còn l?i: 30 phút.
[11:08:58] Roblox không ho?t ??ng. Còn l?i: 30 phút.
[11:09:29] Roblox không ho?t ??ng. Còn l?i: 30 phút.
[11:09:59] Roblox không ho?t ??ng. Còn l?i: 30 phút.
[11:10:29] Roblox không ho?t ??ng. Còn l?i: 30 phút.
[11:10:59] Roblox không ho?t ??ng. Còn l?i: 30 phút.
[11:11:29] Roblox không ho?t ??ng. Còn l?i: 30 phút.
[11:11:59] Roblox không ho?t ??ng. Còn l?i: 30 phút.
[11:12:30] Roblox không ho?t ??ng. Còn l?i: 30 phút.
[11:13:00] Roblox không ho?t ??ng. Còn l?i: 30 phút.
[11:13:30] Roblox không ho?t ??ng. Còn l?i: 30 phút.
[11:14:00] Roblox không ho?t ??ng. Còn l?i: 30 phút.
[11:14:30] Roblox không ho?t ??ng. Còn l?i: 30 phút.
[11:15:00] Roblox không ho?t ??ng. Còn l?i: 30 phút.
[11:15:31] Roblox không ho?t ??ng. Còn l?i: 30 phút.
[11:16:01] Roblox không ho?t ??ng. Còn l?i: 30 phút.
[11:16:31] Roblox không ho?t ??ng. Còn l?i: 30 phút.
[11:17:01] Roblox không ho?t ??ng. Còn l?i: 30 phút.
[11:17:31] Roblox không ho?t ??ng. Còn l?i: 30 phút.
[11:18:02] Roblox không ho?t ??ng. Còn l?i: 30 phút.
[11:18:32] Roblox không ho?t ??ng. Còn l?i: 30 phút.
[11:19:02] Roblox không ho?t ??ng. Còn l?i: 30 phút.
[11:19:32] Roblox không ho?t ??ng. Còn l?i: 30 phút.
[11:20:02] Roblox không ho?t ??ng. Còn l?i: 30 phút.
[11:20:32] Roblox không ho?t ??ng. Còn l?i: 30 phút.
[11:21:03] Roblox không ho?t ??ng. Còn l?i: 30 phút.
[11:21:33] Roblox không ho?t ??ng. Còn l?i: 30 phút.
[11:22:03] Roblox không ho?t ??ng. Còn l?i: 30 phút.
[11:22:33] Roblox không ho?t ??ng. Còn l?i: 30 phút.
[11:23:03] Roblox không ho?t ??ng. Còn l?i: 30 phút.
[11:23:33] Roblox không ho?t ??ng. Còn l?i: 30 phút.
[11:24:04] Roblox không ho?t ??ng. Còn l?i: 30 phút.
[11:24:34] Roblox không ho?t ??ng. Còn l?i: 30 phút.
[11:25:04] Roblox không ho?t ??ng. Còn l?i: 30 phút.
[11:25:34] Roblox không ho?t ??ng. Còn l?i: 30 phút.
[11:26:04] Roblox không ho?t ??ng. Còn l?i: 30 phút.
[11:26:34] Roblox không ho?t ??ng. Còn l?i: 30 phút.
[11:27:05] Roblox không ho?t ??ng. Còn l?i: 30 phút.
[11:27:35] Roblox không ho?t ??ng. Còn l?i: 30 phút.
[11:28:05] Roblox không ho?t ??ng. Còn l?i: 30 phút.
[11:28:35] Roblox không ho?t ??ng. Còn l?i: 30 phút.
[11:29:05] Roblox không ho?t ??ng. Còn l?i: 30 phút.
[11:29:35] Roblox không ho?t ??ng. Còn l?i: 30 phút.
[11:30:06] Roblox không ho?t ??ng. Còn l?i: 30 phút.
[11:30:36] Roblox không ho?t ??ng. Còn l?i: 30 phút.
[11:31:06] Roblox không ho?t ??ng. Còn l?i: 30 phút.
[11:31:36] Roblox không ho?t ??ng. Còn l?i: 30 phút.
[11:32:06] Roblox không ho?t ??ng. Còn l?i: 30 phút.
[11:32:37] Roblox không ho?t ??ng. Còn l?i: 30 phút.
[11:33:07] Roblox không ho?t ??ng. Còn l?i: 30 phút.
[11:33:37] Roblox không ho?t ??ng. Còn l?i: 30 phút.
[11:34:07] Roblox không ho?t ??ng. Còn l?i: 30 phút.
[11:34:37] Roblox không ho?t ??ng. Còn l?i: 30 phút.
[11:35:07] Roblox không ho?t ??ng. Còn l?i: 30 phút.
[11:35:38] Roblox không ho?t ??ng. Còn l?i: 30 phút.
[11:36:08] Roblox không ho?t ??ng. Còn l?i: 30 phút.
[11:36:38] Roblox không ho?t ??ng. Còn l?i: 30 phút.
[11:37:08] Roblox không ho?t ??ng. Còn l?i: 30 phút.
[11:37:38] Roblox không ho?t ??ng. Còn l?i: 30 phút.
[11:38:09] Roblox không ho?t ??ng. Còn l?i: 30 phút.
[11:38:39] Roblox không ho?t ??ng. Còn l?i: 30 phút.
[11:39:09] Roblox không ho?t ??ng. Còn l?i: 30 phút.
[11:39:39] Roblox không ho?t ??ng. Còn l?i: 30 phút.
[11:40:09] Roblox không ho?t ??ng. Còn l?i: 30 phút.
[11:40:39] Roblox không ho?t ??ng. Còn l?i: 30 phút.
[11:41:09] Roblox không ho?t ??ng. Còn l?i: 30 phút.
[11:41:40] Roblox không ho?t ??ng. Còn l?i: 30 phút.
[11:42:10] Roblox không ho?t ??ng. Còn l?i: 30 phút.
[11:42:40] Roblox không ho?t ??ng. Còn l?i: 30 phút.
[11:43:10] Roblox không ho?t ??ng. Còn l?i: 30 phút.
[11:43:40] Roblox không ho?t ??ng. Còn l?i: 30 phút.
[11:44:11] Roblox không ho?t ??ng. Còn l?i: 30 phút.
[11:44:41] Roblox không ho?t ??ng. Còn l?i: 30 phút.
[11:45:11] Roblox không ho?t ??ng. Còn l?i: 30 phút.
[11:45:41] Roblox không ho?t ??ng. Còn l?i: 30 phút.
[11:46:11] Roblox không ho?t ??ng. Còn l?i: 30 phút.
[11:46:42] Roblox không ho?t ??ng. Còn l?i: 30 phút.
[11:47:12] Roblox không ho?t ??ng. Còn l?i: 30 phút.
[11:47:42] Roblox không ho?t ??ng. Còn l?i: 30 phút.
[11:48:12] Roblox không ho?t ??ng. Còn l?i: 30 phút.
[11:48:42] Roblox không ho?t ??ng. Còn l?i: 30 phút.
[11:49:12] Roblox không ho?t ??ng. Còn l?i: 30 phút.
[11:49:43] Roblox không ho?t ??ng. Còn l?i: 30 phút.
[11:50:13] Roblox không ho?t ??ng. Còn l?i: 30 phút.
[11:50:43] Roblox không ho?t ??ng. Còn l?i: 30 phút.
[11:51:13] Roblox không ho?t ??ng. Còn l?i: 30 phút.
[11:51:43] Roblox không ho?t ??ng. Còn l?i: 30 phút.
[11:52:13] Roblox không ho?t ??ng. Còn l?i: 30 phút.
[11:52:44] Roblox không ho?t ??ng. Còn l?i: 30 phút.
[11:53:14] Roblox không ho?t ??ng. Còn l?i: 30 phút.
[11:53:44] Roblox không ho?t ??ng. Còn l?i: 30 phút.
[11:54:14] Roblox không ho?t ??ng. Còn l?i: 30 phút.
[11:54:44] Roblox không ho?t ??ng. Còn l?i: 30 phút.
[11:55:15] Roblox không ho?t ??ng. Còn l?i: 30 phút.
[11:55:45] Roblox không ho?t ??ng. Còn l?i: 30 phút.
[11:56:15] Roblox không ho?t ??ng. Còn l?i: 30 phút.
[11:56:45] Roblox không ho?t ??ng. Còn l?i: 30 phút.
[11:57:15] Roblox không ho?t ??ng. Còn l?i: 30 phút.
[11:57:45] Roblox không ho?t ??ng. Còn l?i: 30 phút.
[11:58:16] Roblox không ho?t ??ng. Còn l?i: 30 phút.
[11:58:46] Roblox không ho?t ??ng. Còn l?i: 30 phút.
[11:59:16] Roblox không ho?t ??ng. Còn l?i: 30 phút.
[11:59:46] Roblox không ho?t ??ng. Còn l?i: 30 phút.
[12:00:16] Roblox không ho?t ??ng. Còn l?i: 30 phút.
[12:00:46] Roblox không ho?t ??ng. Còn l?i: 30 phút.
[12:01:17] Roblox không ho?t ??ng. Còn l?i: 30 phút.
[12:01:47] Roblox không ho?t ??ng. Còn l?i: 30 phút.
[12:02:17] Roblox không ho?t ??ng. Còn l?i: 30 phút.
[12:02:47] Roblox không ho?t ??ng. Còn l?i: 30 phút.
[12:03:17] Roblox không ho?t ??ng. Còn l?i: 30 phút.
[12:03:47] Roblox không ho?t ??ng. Còn l?i: 30 phút.
[12:04:18] Roblox không ho?t ??ng. Còn l?i: 30 phút.
[12:04:48] Roblox không ho?t ??ng. Còn l?i: 30 phút.
[12:05:18] Roblox không ho?t ??ng. Còn l?i: 30 phút.
[12:05:48] Roblox không ho?t ??ng. Còn l?i: 30 phút.
[12:06:18] Roblox không ho?t ??ng. Còn l?i: 30 phút.
[12:06:48] Roblox không ho?t ??ng. Còn l?i: 30 phút.
[12:07:19] Roblox không ho?t ??ng. Còn l?i: 30 phút.
[12:07:49] Roblox không ho?t ??ng. Còn l?i: 30 phút.
[12:08:19] Roblox không ho?t ??ng. Còn l?i: 30 phút.
[12:08:49] Roblox không ho?t ??ng. Còn l?i: 30 phút.
[12:09:19] Roblox không ho?t ??ng. Còn l?i: 30 phút.
[12:09:49] Roblox không ho?t ??ng. Còn l?i: 30 phút.
[12:10:20] Roblox không ho?t ??ng. Còn l?i: 30 phút.
[12:10:50] Roblox không ho?t ??ng. Còn l?i: 30 phút.
[12:11:20] Roblox không ho?t ??ng. Còn l?i: 30 phút.
[12:11:50] Roblox không ho?t ??ng. Còn l?i: 30 phút.
[12:12:20] Roblox không ho?t ??ng. Còn l?i: 30 phút.
[12:12:50] Roblox không ho?t ??ng. Còn l?i: 30 phút.
[12:13:21] Roblox không ho?t ??ng. Còn l?i: 30 phút.
[12:13:51] Roblox không ho?t ??ng. Còn l?i: 30 phút.
[12:14:21] Roblox không ho?t ??ng. Còn l?i: 30 phút.
[12:14:51] Roblox không ho?t ??ng. Còn l?i: 30 phút.
[12:15:21] Roblox không ho?t ??ng. Còn l?i: 30 phút.
[12:15:51] Roblox không ho?t ??ng. Còn l?i: 30 phút.
[12:16:22] Roblox không ho?t ??ng. Còn l?i: 30 phút.
[12:16:52] Roblox không ho?t ??ng. Còn l?i: 30 phút.
[12:17:22] Roblox không ho?t ??ng. Còn l?i: 30 phút.
[12:17:52] Roblox không ho?t ??ng. Còn l?i: 30 phút.
[12:18:22] Roblox không ho?t ??ng. Còn l?i: 30 phút.
[12:18:52] Roblox không ho?t ??ng. Còn l?i: 30 phút.
[12:19:23] Roblox không ho?t ??ng. Còn l?i: 30 phút.
[12:19:53] Roblox không ho?t ??ng. Còn l?i: 30 phút.
[12:20:23] Roblox không ho?t ??ng. Còn l?i: 30 phút.
[12:20:53] Roblox không ho?t ??ng. Còn l?i: 30 phút.
[12:21:23] Roblox không ho?t ??ng. Còn l?i: 30 phút.
[12:21:53] Roblox không ho?t ??ng. Còn l?i: 30 phút.
[12:22:24] Roblox không ho?t ??ng. Còn l?i: 30 phút.
[12:22:54] Roblox không ho?t ??ng. Còn l?i: 30 phút.
[12:23:24] Roblox không ho?t ??ng. Còn l?i: 30 phút.
[12:23:54] Roblox không ho?t ??ng. Còn l?i: 30 phút.
[12:24:24] Roblox không ho?t ??ng. Còn l?i: 30 phút.
[12:24:54] Roblox không ho?t ??ng. Còn l?i: 30 phút.
[12:25:25] Roblox không ho?t ??ng. Còn l?i: 30 phút.
[12:25:55] Roblox không ho?t ??ng. Còn l?i: 30 phút.
[12:26:25] Roblox không ho?t ??ng. Còn l?i: 30 phút.
[12:26:55] Roblox không ho?t ??ng. Còn l?i: 30 phút.
[12:27:25] Roblox không ho?t ??ng. Còn l?i: 30 phút.
[12:27:55] Roblox không ho?t ??ng. Còn l?i: 30 phút.
[12:28:26] Roblox không ho?t ??ng. Còn l?i: 30 phút.
[12:28:56] Roblox không ho?t ??ng. Còn l?i: 30 phút.
[12:29:26] Roblox không ho?t ??ng. Còn l?i: 30 phút.
[12:29:56] Roblox không ho?t ??ng. Còn l?i: 30 phút.
[12:30:26] Roblox không ho?t ??ng. Còn l?i: 30 phút.
[12:30:56] Roblox không ho?t ??ng. Còn l?i: 30 phút.
[12:31:27] Roblox không ho?t ??ng. Còn l?i: 30 phút.
[12:31:57] Roblox không ho?t ??ng. Còn l?i: 30 phút.
[12:32:27] Roblox không ho?t ??ng. Còn l?i: 30 phút.
[12:32:57] Roblox không ho?t ??ng. Còn l?i: 30 phút.
[12:33:27] Roblox không ho?t ??ng. Còn l?i: 30 phút.
[12:33:57] Roblox không ho?t ??ng. Còn l?i: 30 phút.
[12:34:28] Roblox không ho?t ??ng. Còn l?i: 30 phút.
[12:34:58] Roblox không ho?t ??ng. Còn l?i: 30 phút.
[12:35:28] Roblox không ho?t ??ng. Còn l?i: 30 phút.
[12:35:58] Roblox không ho?t ??ng. Còn l?i: 30 phút.
[12:36:28] Roblox không ho?t ??ng. Còn l?i: 30 phút.
[12:36:58] Roblox không ho?t ??ng. Còn l?i: 30 phút.
[12:37:29] Roblox không ho?t ??ng. Còn l?i: 30 phút.
[12:37:59] Roblox không ho?t ??ng. Còn l?i: 30 phút.
[12:38:29] Roblox không ho?t ??ng. Còn l?i: 30 phút.
[12:38:59] Roblox không ho?t ??ng. Còn l?i: 30 phút.
[12:39:29] Roblox không ho?t ??ng. Còn l?i: 30 phút.
[12:39:59] Roblox không ho?t ??ng. Còn l?i: 30 phút.
[12:40:30] Roblox không ho?t ??ng. Còn l?i: 30 phút.
[12:41:00] Roblox không ho?t ??ng. Còn l?i: 30 phút.
[12:41:30] Roblox không ho?t ??ng. Còn l?i: 30 phút.
[12:42:00] Roblox không ho?t ??ng. Còn l?i: 30 phút.
[12:42:30] Roblox không ho?t ??ng. Còn l?i: 30 phút.
[12:43:00] Roblox không ho?t ??ng. Còn l?i: 30 phút.
[12:43:31] Roblox không ho?t ??ng. Còn l?i: 30 phút.
[12:44:01] Roblox không ho?t ??ng. Còn l?i: 30 phút.
[12:44:31] Roblox không ho?t ??ng. Còn l?i: 30 phút.
[12:45:01] Roblox không ho?t ??ng. Còn l?i: 30 phút.
[12:45:31] Roblox không ho?t ??ng. Còn l?i: 30 phút.
[12:46:02] Roblox không ho?t ??ng. Còn l?i: 30 phút.
[12:46:32] Roblox không ho?t ??ng. Còn l?i: 30 phút.
[12:47:02] Roblox không ho?t ??ng. Còn l?i: 30 phút.
[12:47:32] Roblox không ho?t ??ng. Còn l?i: 30 phút.
[12:48:02] Roblox không ho?t ??ng. Còn l?i: 30 phút.
[12:48:32] Roblox không ho?t ??ng. Còn l?i: 30 phút.
[12:49:03] Roblox không ho?t ??ng. Còn l?i: 30 phút.
[12:49:33] Roblox không ho?t ??ng. Còn l?i: 30 phút.
[12:50:03] Roblox không ho?t ??ng. Còn l?i: 30 phút.
[12:50:33] Roblox không ho?t ??ng. Còn l?i: 30 phút.
[12:51:03] Roblox không ho?t ??ng. Còn l?i: 30 phút.
[12:51:33] Roblox không ho?t ??ng. Còn l?i: 30 phút.
[12:52:03] Roblox không ho?t ??ng. Còn l?i: 30 phút.
[12:52:34] Roblox không ho?t ??ng. Còn l?i: 30 phút.
[12:53:04] Roblox không ho?t ??ng. Còn l?i: 30 phút.
[12:53:34] Roblox không ho?t ??ng. Còn l?i: 30 phút.
[12:54:04] Roblox không ho?t ??ng. Còn l?i: 30 phút.
[12:54:34] Roblox không ho?t ??ng. Còn l?i: 30 phút.
[12:55:05] Roblox không ho?t ??ng. Còn l?i: 30 phút.
[12:55:35] Roblox không ho?t ??ng. Còn l?i: 30 phút.
[12:56:05] Roblox không ho?t ??ng. Còn l?i: 30 phút.
[12:56:35] Roblox không ho?t ??ng. Còn l?i: 30 phút.
[12:57:05] Roblox không ho?t ??ng. Còn l?i: 30 phút.
[12:57:35] Roblox không ho?t ??ng. Còn l?i: 30 phút.
[12:58:06] Roblox không ho?t ??ng. Còn l?i: 30 phút.
[12:58:36] Roblox không ho?t ??ng. Còn l?i: 30 phút.
[12:59:06] Roblox không ho?t ??ng. Còn l?i: 30 phút.
[12:59:36] Roblox không ho?t ??ng. Còn l?i: 30 phút.
[13:00:06] Roblox không ho?t ??ng. Còn l?i: 30 phút.
[13:00:36] Roblox không ho?t ??ng. Còn l?i: 30 phút.
[13:01:07] Roblox không ho?t ??ng. Còn l?i: 30 phút.
[13:01:37] Roblox không ho?t ??ng. Còn l?i: 30 phút.
[13:02:07] Roblox không ho?t ??ng. Còn l?i: 30 phút.
[13:02:37] Roblox không ho?t ??ng. Còn l?i: 30 phút.
[13:03:07] Roblox không ho?t ??ng. Còn l?i: 30 phút.
[13:03:37] Roblox không ho?t ??ng. Còn l?i: 30 phút.
[13:04:08] Roblox không ho?t ??ng. Còn l?i: 30 phút.
[13:04:38] Roblox không ho?t ??ng. Còn l?i: 30 phút.
[13:05:08] Roblox không ho?t ??ng. Còn l?i: 30 phút.
[13:05:38] Roblox không ho?t ??ng. Còn l?i: 30 phút.
[13:06:08] Roblox không ho?t ??ng. Còn l?i: 30 phút.
[13:06:38] Roblox không ho?t ??ng. Còn l?i: 30 phút.
[13:07:09] Roblox không ho?t ??ng. Còn l?i: 30 phút.
[13:07:39] Roblox không ho?t ??ng. Còn l?i: 30 phút.
[13:08:09] Roblox không ho?t ??ng. Còn l?i: 30 phút.
[13:08:39] Roblox không ho?t ??ng. Còn l?i: 30 phút.
[13:09:09] Roblox không ho?t ??ng. Còn l?i: 30 phút.
[13:09:39] Roblox không ho?t ??ng. Còn l?i: 30 phút.
[13:10:10] Roblox không ho?t ??ng. Còn l?i: 30 phút.
[13:10:40] Roblox không ho?t ??ng. Còn l?i: 30 phút.
[13:11:10] Roblox không ho?t ??ng. Còn l?i: 30 phút.
[13:11:40] Roblox không ho?t ??ng. Còn l?i: 30 phút.
[13:12:10] Roblox không ho?t ??ng. Còn l?i: 30 phút.
[13:12:40] Roblox không ho?t ??ng. Còn l?i: 30 phút.
[13:13:11] Roblox không ho?t ??ng. Còn l?i: 30 phút.
[13:13:41] Roblox không ho?t ??ng. Còn l?i: 30 phút.
[13:14:11] Roblox không ho?t ??ng. Còn l?i: 30 phút.
[13:14:41] Roblox không ho?t ??ng. Còn l?i: 30 phút.
[13:15:11] Roblox không ho?t ??ng. Còn l?i: 30 phút.
[13:15:41] Roblox không ho?t ??ng. Còn l?i: 30 phút.
[13:16:12] Roblox không ho?t ??ng. Còn l?i: 30 phút.
[13:16:42] Roblox không ho?t ??ng. Còn l?i: 30 phút.
[13:17:12] Roblox không ho?t ??ng. Còn l?i: 30 phút.
[13:17:42] Roblox không ho?t ??ng. Còn l?i: 30 phút.
[13:18:12] Roblox không ho?t ??ng. Còn l?i: 30 phút.
[13:18:42] Roblox không ho?t ??ng. Còn l?i: 30 phút.
[13:19:13] Roblox không ho?t ??ng. Còn l?i: 30 phút.
[13:19:43] Roblox không ho?t ??ng. Còn l?i: 30 phút.
[13:20:13] Roblox không ho?t ??ng. Còn l?i: 30 phút.
[13:20:43] Roblox không ho?t ??ng. Còn l?i: 30 phút.
[13:21:13] Roblox không ho?t ??ng. Còn l?i: 30 phút.
[13:21:43] Roblox không ho?t ??ng. Còn l?i: 30 phút.
[13:22:14] Roblox không ho?t ??ng. Còn l?i: 30 phút.
[13:22:44] Roblox không ho?t ??ng. Còn l?i: 30 phút.
[13:23:14] Roblox không ho?t ??ng. Còn l?i: 30 phút.
[13:23:44] Roblox không ho?t ??ng. Còn l?i: 30 phút.
[13:24:14] Roblox không ho?t ??ng. Còn l?i: 30 phút.
[13:24:44] Roblox không ho?t ??ng. Còn l?i: 30 phút.
[13:25:15] Roblox không ho?t ??ng. Còn l?i: 30 phút.
[13:25:45] Roblox không ho?t ??ng. Còn l?i: 30 phút.
[13:26:15] Roblox không ho?t ??ng. Còn l?i: 30 phút.
[13:26:45] Roblox không ho?t ??ng. Còn l?i: 30 phút.
[13:27:15] Roblox không ho?t ??ng. Còn l?i: 30 phút.
[13:27:46] Roblox không ho?t ??ng. Còn l?i: 30 phút.
[13:28:16] Roblox không ho?t ??ng. Còn l?i: 30 phút.
[13:28:46] Roblox không ho?t ??ng. Còn l?i: 30 phút.
[13:29:16] Roblox không ho?t ??ng. Còn l?i: 30 phút.
[13:29:46] Roblox không ho?t ??ng. Còn l?i: 30 phút.
[13:30:16] Roblox không ho?t ??ng. Còn l?i: 30 phút.
[13:30:47] Roblox không ho?t ??ng. Còn l?i: 30 phút.
[13:31:17] Roblox không ho?t ??ng. Còn l?i: 30 phút.
[13:31:47] Roblox không ho?t ??ng. Còn l?i: 30 phút.
[13:32:17] Roblox không ho?t ??ng. Còn l?i: 30 phút.
[13:32:47] Roblox không ho?t ??ng. Còn l?i: 30 phút.
[13:33:17] Roblox không ho?t ??ng. Còn l?i: 30 phút.
[13:33:48] Roblox không ho?t ??ng. Còn l?i: 30 phút.
[13:34:18] Roblox không ho?t ??ng. Còn l?i: 30 phút.
[13:34:48] Roblox không ho?t ??ng. Còn l?i: 30 phút.
[13:35:18] Roblox không ho?t ??ng. Còn l?i: 30 phút.
[13:35:48] Roblox không ho?t ??ng. Còn l?i: 30 phút.
[13:36:18] Roblox không ho?t ??ng. Còn l?i: 30 phút.
[13:36:49] Roblox không ho?t ??ng. Còn l?i: 30 phút.
[13:37:19] Roblox không ho?t ??ng. Còn l?i: 30 phút.
[13:37:49] Roblox không ho?t ??ng. Còn l?i: 30 phút.
[13:38:19] Roblox không ho?t ??ng. Còn l?i: 30 phút.
[13:38:49] Roblox không ho?t ??ng. Còn l?i: 30 phút.
[13:39:19] Roblox không ho?t ??ng. Còn l?i: 30 phút.
[13:39:49] Roblox không ho?t ??ng. Còn l?i: 30 phút.
[13:40:20] Roblox không ho?t ??ng. Còn l?i: 30 phút.
[13:40:50] Roblox không ho?t ??ng. Còn l?i: 30 phút.
[13:41:20] Roblox không ho?t ??ng. Còn l?i: 30 phút.
[13:41:50] Roblox không ho?t ??ng. Còn l?i: 30 phút.
[13:42:20] Roblox không ho?t ??ng. Còn l?i: 30 phút.
[13:42:50] Roblox không ho?t ??ng. Còn l?i: 30 phút.
[13:43:21] Roblox không ho?t ??ng. Còn l?i: 30 phút.
[13:43:51] Roblox không ho?t ??ng. Còn l?i: 30 phút.
[13:44:21] Roblox không ho?t ??ng. Còn l?i: 30 phút.
[13:44:51] Roblox không ho?t ??ng. Còn l?i: 30 phút.
[13:45:21] Roblox không ho?t ??ng. Còn l?i: 30 phút.
[13:45:51] Roblox không ho?t ??ng. Còn l?i: 30 phút.
[13:46:22] Roblox không ho?t ??ng. Còn l?i: 30 phút.
[13:46:52] Roblox không ho?t ??ng. Còn l?i: 30 phút.
[13:47:22] Roblox không ho?t ??ng. Còn l?i: 30 phút.
[13:47:52] Roblox không ho?t ??ng. Còn l?i: 30 phút.
[13:48:22] Roblox không ho?t ??ng. Còn l?i: 30 phút.
[13:48:52] Roblox không ho?t ??ng. Còn l?i: 30 phút.
[13:49:22] Roblox không ho?t ??ng. Còn l?i: 30 phút.
[13:49:53] Roblox không ho?t ??ng. Còn l?i: 30 phút.
[13:50:23] Roblox không ho?t ??ng. Còn l?i: 30 phút.
[13:50:53] Roblox không ho?t ??ng. Còn l?i: 30 phút.
[13:51:23] Roblox không ho?t ??ng. Còn l?i: 30 phút.
[13:51:53] Roblox không ho?t ??ng. Còn l?i: 30 phút.
[13:52:23] Roblox không ho?t ??ng. Còn l?i: 30 phút.
[13:52:54] Roblox không ho?t ??ng. Còn l?i: 30 phút.
[13:53:24] Roblox không ho?t ??ng. Còn l?i: 30 phút.
[13:53:54] Roblox không ho?t ??ng. Còn l?i: 30 phút.
[13:54:24] Roblox không ho?t ??ng. Còn l?i: 30 phút.
[13:54:54] Roblox không ho?t ??ng. Còn l?i: 30 phút.
[13:55:24] Roblox không ho?t ??ng. Còn l?i: 30 phút.
[13:55:54] Roblox không ho?t ??ng. Còn l?i: 30 phút.
[13:56:25] Roblox không ho?t ??ng. Còn l?i: 30 phút.
[13:56:55] Roblox không ho?t ??ng. Còn l?i: 30 phút.
[13:57:25] Roblox không ho?t ??ng. Còn l?i: 30 phút.
[13:57:55] Roblox không ho?t ??ng. Còn l?i: 30 phút.
[13:58:25] Roblox không ho?t ??ng. Còn l?i: 30 phút.
[13:58:55] Roblox không ho?t ??ng. Còn l?i: 30 phút.
[13:59:26] Roblox không ho?t ??ng. Còn l?i: 30 phút.
[13:59:56] Roblox không ho?t ??ng. Còn l?i: 30 phút.
[14:00:26] Roblox không ho?t ??ng. Còn l?i: 30 phút.
[14:00:56] Roblox không ho?t ??ng. Còn l?i: 30 phút.
[14:01:26] Roblox không ho?t ??ng. Còn l?i: 30 phút.
[14:01:56] Roblox không ho?t ??ng. Còn l?i: 30 phút.
[14:02:27] Roblox không ho?t ??ng. Còn l?i: 30 phút.
[14:02:57] Roblox không ho?t ??ng. Còn l?i: 30 phút.
[14:03:27] Roblox không ho?t ??ng. Còn l?i: 30 phút.
[14:03:57] Roblox không ho?t ??ng. Còn l?i: 30 phút.
[14:04:27] Roblox không ho?t ??ng. Còn l?i: 30 phút.
[14:04:57] Roblox không ho?t ??ng. Còn l?i: 30 phút.
[14:05:28] Roblox không ho?t ??ng. Còn l?i: 30 phút.
[14:05:58] Roblox không ho?t ??ng. Còn l?i: 30 phút.
[14:06:28] Roblox không ho?t ??ng. Còn l?i: 30 phút.
[14:06:58] Roblox không ho?t ??ng. Còn l?i: 30 phút.
[14:07:28] Roblox không ho?t ??ng. Còn l?i: 30 phút.
[14:07:58] Roblox không ho?t ??ng. Còn l?i: 30 phút.
[14:08:28] Roblox không ho?t ??ng. Còn l?i: 30 phút.
[14:08:59] Roblox không ho?t ??ng. Còn l?i: 30 phút.
[14:09:29] Roblox không ho?t ??ng. Còn l?i: 30 phút.
[14:09:59] Roblox không ho?t ??ng. Còn l?i: 30 phút.
[14:10:29] Roblox không ho?t ??ng. Còn l?i: 30 phút.
[14:10:59] Roblox không ho?t ??ng. Còn l?i: 30 phút.
[14:11:29] Roblox không ho?t ??ng. Còn l?i: 30 phút.
[14:12:00] Roblox không ho?t ??ng. Còn l?i: 30 phút.
[14:12:30] Roblox không ho?t ??ng. Còn l?i: 30 phút.
[14:13:00] Roblox không ho?t ??ng. Còn l?i: 30 phút.
[14:13:30] Roblox không ho?t ??ng. Còn l?i: 30 phút.
[14:14:00] Roblox không ho?t ??ng. Còn l?i: 30 phút.
[14:14:30] Roblox không ho?t ??ng. Còn l?i: 30 phút.
[14:15:01] Roblox không ho?t ??ng. Còn l?i: 30 phút.
[14:15:31] Roblox không ho?t ??ng. Còn l?i: 30 phút.
[14:16:01] Roblox không ho?t ??ng. Còn l?i: 30 phút.
[14:16:31] Roblox không ho?t ??ng. Còn l?i: 30 phút.
[14:17:01] Roblox không ho?t ??ng. Còn l?i: 30 phút.
[14:17:31] Roblox không ho?t ??ng. Còn l?i: 30 phút.
[14:18:02] Roblox không ho?t ??ng. Còn l?i: 30 phút.
[14:18:32] Roblox không ho?t ??ng. Còn l?i: 30 phút.
[14:19:02] Roblox không ho?t ??ng. Còn l?i: 30 phút.
[14:19:32] Roblox không ho?t ??ng. Còn l?i: 30 phút.
[14:20:02] Roblox không ho?t ??ng. Còn l?i: 30 phút.
[14:20:32] Roblox không ho?t ??ng. Còn l?i: 30 phút.
[14:21:03] Roblox không ho?t ??ng. Còn l?i: 30 phút.
[14:21:33] Roblox không ho?t ??ng. Còn l?i: 30 phút.
[14:22:03] Roblox không ho?t ??ng. Còn l?i: 30 phút.
[14:22:33] Roblox không ho?t ??ng. Còn l?i: 30 phút.
[14:23:03] Roblox không ho?t ??ng. Còn l?i: 30 phút.
[14:23:34] Roblox không ho?t ??ng. Còn l?i: 30 phút.
[14:24:04] Roblox không ho?t ??ng. Còn l?i: 30 phút.
[14:24:34] Roblox không ho?t ??ng. Còn l?i: 30 phút.
[14:25:04] Roblox không ho?t ??ng. Còn l?i: 30 phút.
[14:25:34] Roblox không ho?t ??ng. Còn l?i: 30 phút.
[14:26:05] Roblox không ho?t ??ng. Còn l?i: 30 phút.
[14:26:35] Roblox không ho?t ??ng. Còn l?i: 30 phút.
[14:27:05] Roblox không ho?t ??ng. Còn l?i: 30 phút.
[14:27:35] Roblox không ho?t ??ng. Còn l?i: 30 phút.
[14:28:05] Roblox không ho?t ??ng. Còn l?i: 30 phút.
[14:28:36] Roblox không ho?t ??ng. Còn l?i: 30 phút.
[14:29:06] Roblox không ho?t ??ng. Còn l?i: 30 phút.
[14:29:36] Roblox không ho?t ??ng. Còn l?i: 30 phút.
[14:30:06] Roblox không ho?t ??ng. Còn l?i: 30 phút.
[14:30:36] Roblox không ho?t ??ng. Còn l?i: 30 phút.
[14:31:07] Roblox không ho?t ??ng. Còn l?i: 30 phút.
[14:31:37] Roblox không ho?t ??ng. Còn l?i: 30 phút.
[14:32:07] Roblox không ho?t ??ng. Còn l?i: 30 phút.
[14:32:37] Roblox không ho?t ??ng. Còn l?i: 30 phút.
[14:33:07] Roblox không ho?t ??ng. Còn l?i: 30 phút.
[14:33:37] Roblox không ho?t ??ng. Còn l?i: 30 phút.
[14:34:08] Roblox không ho?t ??ng. Còn l?i: 30 phút.
[14:34:38] Roblox không ho?t ??ng. Còn l?i: 30 phút.
[14:35:08] Roblox không ho?t ??ng. Còn l?i: 30 phút.
[14:35:38] Roblox không ho?t ??ng. Còn l?i: 30 phút.
[14:36:08] Roblox không ho?t ??ng. Còn l?i: 30 phút.
[14:36:39] Roblox không ho?t ??ng. Còn l?i: 30 phút.
--- B?t ??u kh?i ??ng Giám sát & Gi?i h?n th?i gian Roblox ---
H?n m?c t?i ?a m?i ngày: 30 phút.
[14:37:07] Roblox ?ang ch?y. T?ng th?i gian ch?i: 00:00:30
[14:37:38] Roblox ?ang ch?y. T?ng th?i gian ch?i: 00:01:00
[14:38:08] Roblox ?ang ch?y. T?ng th?i gian ch?i: 00:01:30
[14:38:38] Roblox ?ang ch?y. T?ng th?i gian ch?i: 00:02:00
[14:39:08] Roblox ?ang ch?y. T?ng th?i gian ch?i: 00:02:30
[14:39:38] Roblox ?ang ch?y. T?ng th?i gian ch?i: 00:03:00
[14:40:08] Roblox ?ang ch?y. T?ng th?i gian ch?i: 00:03:30
[14:40:39] Roblox ?ang ch?y. T?ng th?i gian ch?i: 00:04:00
[14:41:09] Roblox ?ang ch?y. T?ng th?i gian ch?i: 00:04:30
[14:41:39] Roblox ?ang ch?y. T?ng th?i gian ch?i: 00:05:00
[14:42:09] Roblox ?ang ch?y. T?ng th?i gian ch?i: 00:05:30
[14:42:40] Roblox ?ang ch?y. T?ng th?i gian ch?i: 00:06:00
[14:43:10] Roblox ?ang ch?y. T?ng th?i gian ch?i: 00:06:30
[14:43:40] Roblox ?ang ch?y. T?ng th?i gian ch?i: 00:07:00
[14:44:10] Roblox ?ang ch?y. T?ng th?i gian ch?i: 00:07:30
[14:44:40] Roblox ?ang ch?y. T?ng th?i gian ch?i: 00:08:00
[14:45:11] Roblox ?ang ch?y. T?ng th?i gian ch?i: 00:08:30
[14:45:41] Roblox ?ang ch?y. T?ng th?i gian ch?i: 00:09:00
[14:46:11] Roblox ?ang ch?y. T?ng th?i gian ch?i: 00:09:30
[14:46:41] Roblox ?ang ch?y. T?ng th?i gian ch?i: 00:10:00
[14:47:11] Roblox ?ang ch?y. T?ng th?i gian ch?i: 00:10:30
[14:47:41] Roblox ?ang ch?y. T?ng th?i gian ch?i: 00:11:00
[14:48:12] Roblox ?ang ch?y. T?ng th?i gian ch?i: 00:11:30
[14:48:42] Roblox ?ang ch?y. T?ng th?i gian ch?i: 00:12:00
[14:49:12] Roblox ?ang ch?y. T?ng th?i gian ch?i: 00:12:30
[14:49:42] Roblox ?ang ch?y. T?ng th?i gian ch?i: 00:13:00
[14:50:12] Roblox ?ang ch?y. T?ng th?i gian ch?i: 00:13:30
[14:50:42] Roblox ?ang ch?y. T?ng th?i gian ch?i: 00:14:00
[14:51:13] Roblox ?ang ch?y. T?ng th?i gian ch?i: 00:14:30
[14:51:43] Roblox ?ang ch?y. T?ng th?i gian ch?i: 00:15:00
[14:52:13] Roblox ?ang ch?y. T?ng th?i gian ch?i: 00:15:30
[14:52:43] Roblox ?ang ch?y. T?ng th?i gian ch?i: 00:16:00
[14:53:13] Roblox ?ang ch?y. T?ng th?i gian ch?i: 00:16:30
[14:53:44] Roblox ?ang ch?y. T?ng th?i gian ch?i: 00:17:00
[14:54:14] Roblox ?ang ch?y. T?ng th?i gian ch?i: 00:17:30
[14:54:44] Roblox ?ang ch?y. T?ng th?i gian ch?i: 00:18:00
[14:55:14] Roblox ?ang ch?y. T?ng th?i gian ch?i: 00:18:30
[14:55:44] Roblox ?ang ch?y. T?ng th?i gian ch?i: 00:19:00
[14:56:15] Roblox ?ang ch?y. T?ng th?i gian ch?i: 00:19:30
[14:56:45] Roblox ?ang ch?y. T?ng th?i gian ch?i: 00:20:00
[14:57:15] Roblox ?ang ch?y. T?ng th?i gian ch?i: 00:20:30
[14:57:45] Roblox ?ang ch?y. T?ng th?i gian ch?i: 00:21:00
[14:58:15] Roblox ?ang ch?y. T?ng th?i gian ch?i: 00:21:30
[14:58:46] Roblox ?ang ch?y. T?ng th?i gian ch?i: 00:22:00
[14:59:16] Roblox ?ang ch?y. T?ng th?i gian ch?i: 00:22:30
[14:59:46] Roblox ?ang ch?y. T?ng th?i gian ch?i: 00:23:00
[15:00:16] Roblox ?ang ch?y. T?ng th?i gian ch?i: 00:23:30
[15:00:47] Roblox ?ang ch?y. T?ng th?i gian ch?i: 00:24:00
[15:01:17] Roblox ?ang ch?y. T?ng th?i gian ch?i: 00:24:30
[15:01:47] Roblox ?ang ch?y. T?ng th?i gian ch?i: 00:25:00
[15:02:17] Roblox ?ang ch?y. T?ng th?i gian ch?i: 00:25:30
[15:02:47] Roblox ?ang ch?y. T?ng th?i gian ch?i: 00:26:00
[15:03:18] Roblox ?ang ch?y. T?ng th?i gian ch?i: 00:26:30
[15:03:48] Roblox ?ang ch?y. T?ng th?i gian ch?i: 00:27:00
[15:04:18] Roblox ?ang ch?y. T?ng th?i gian ch?i: 00:27:30
[15:04:48] Roblox ?ang ch?y. T?ng th?i gian ch?i: 00:28:00
[15:05:18] Roblox ?ang ch?y. T?ng th?i gian ch?i: 00:28:30
[15:05:49] Roblox ?ang ch?y. T?ng th?i gian ch?i: 00:29:00
[15:06:19] Roblox ?ang ch?y. T?ng th?i gian ch?i: 00:29:30
[15:06:49] Roblox ?ang ch?y. T?ng th?i gian ch?i: 00:30:00
[ALERT] ?ã h?t 30 phút ch?i game! Ti?n hành t?t ?ng d?ng l?p t?c.
[SUCCESS] ?ã t?t thành công ti?n trình notepad++.exe
[00:00:00] Roblox không ho?t ??ng. Còn l?i: 30 phút.
[00:00:31] Roblox không ho?t ??ng. Còn l?i: 30 phút.
[00:01:01] Roblox không ho?t ??ng. Còn l?i: 30 phút.
[00:01:31] Roblox không ho?t ??ng. Còn l?i: 30 phút.
[00:02:01] Roblox không ho?t ??ng. Còn l?i: 30 phút.
[00:02:31] Roblox không ho?t ??ng. Còn l?i: 30 phút.
[00:03:02] Roblox không ho?t ??ng. Còn l?i: 30 phút.
[00:03:32] Roblox không ho?t ??ng. Còn l?i: 30 phút.
[00:04:02] Roblox không ho?t ??ng. Còn l?i: 30 phút.
[00:04:32] Roblox không ho?t ??ng. Còn l?i: 30 phút.
[00:05:03] Roblox không ho?t ??ng. Còn l?i: 30 phút.
[00:05:33] Roblox không ho?t ??ng. Còn l?i: 30 phút.
[00:06:03] Roblox không ho?t ??ng. Còn l?i: 30 phút.
[00:06:33] Roblox không ho?t ??ng. Còn l?i: 30 phút.
[00:07:03] Roblox không ho?t ??ng. Còn l?i: 30 phút.
[00:07:33] Roblox không ho?t ??ng. Còn l?i: 30 phút.
[00:08:04] Roblox không ho?t ??ng. Còn l?i: 30 phút.
[00:08:34] Roblox không ho?t ??ng. Còn l?i: 30 phút.
[00:09:04] Roblox không ho?t ??ng. Còn l?i: 30 phút.
[00:09:34] Roblox không ho?t ??ng. Còn l?i: 30 phút.
[00:10:04] Roblox không ho?t ??ng. Còn l?i: 30 phút.
[00:10:35] Roblox không ho?t ??ng. Còn l?i: 30 phút.
[00:11:05] Roblox không ho?t ??ng. Còn l?i: 30 phút.
[00:11:35] Roblox không ho?t ??ng. Còn l?i: 30 phút.
[00:12:05] Roblox không ho?t ??ng. Còn l?i: 30 phút.
[00:12:35] Roblox không ho?t ??ng. Còn l?i: 30 phút.
[00:13:06] Roblox không ho?t ??ng. Còn l?i: 30 phút.
[00:13:36] Roblox không ho?t ??ng. Còn l?i: 30 phút.
[00:14:06] Roblox không ho?t ??ng. Còn l?i: 30 phút.
[00:14:36] Roblox không ho?t ??ng. Còn l?i: 30 phút.
[00:15:07] Roblox không ho?t ??ng. Còn l?i: 30 phút.
[00:15:37] Roblox không ho?t ??ng. Còn l?i: 30 phút.
[00:16:07] Roblox không ho?t ??ng. Còn l?i: 30 phút.
[00:16:37] Roblox không ho?t ??ng. Còn l?i: 30 phút.
[00:17:07] Roblox không ho?t ??ng. Còn l?i: 30 phút.
[00:17:38] Roblox không ho?t ??ng. Còn l?i: 30 phút.
[00:18:08] Roblox không ho?t ??ng. Còn l?i: 30 phút.
[00:18:38] Roblox không ho?t ??ng. Còn l?i: 30 phút.
[00:19:08] Roblox không ho?t ??ng. Còn l?i: 30 phút.
[00:19:38] Roblox không ho?t ??ng. Còn l?i: 30 phút.
[00:20:09] Roblox không ho?t ??ng. Còn l?i: 30 phút.
[00:20:39] Roblox không ho?t ??ng. Còn l?i: 30 phút.
[00:21:09] Roblox không ho?t ??ng. Còn l?i: 30 phút.
[00:21:39] Roblox không ho?t ??ng. Còn l?i: 30 phút.
[00:22:09] Roblox không ho?t ??ng. Còn l?i: 30 phút.
[00:22:40] Roblox không ho?t ??ng. Còn l?i: 30 phút.
[00:23:10] Roblox không ho?t ??ng. Còn l?i: 30 phút.
[00:23:40] Roblox không ho?t ??ng. Còn l?i: 30 phút.
[00:24:10] Roblox không ho?t ??ng. Còn l?i: 30 phút.
[00:24:41] Roblox không ho?t ??ng. Còn l?i: 30 phút.
[00:25:11] Roblox không ho?t ??ng. Còn l?i: 30 phút.
[00:25:41] Roblox không ho?t ??ng. Còn l?i: 30 phút.
[00:26:11] Roblox không ho?t ??ng. Còn l?i: 30 phút.
[00:26:41] Roblox không ho?t ??ng. Còn l?i: 30 phút.
[00:27:12] Roblox không ho?t ??ng. Còn l?i: 30 phút.
[00:27:42] Roblox không ho?t ??ng. Còn l?i: 30 phút.
[00:28:12] Roblox không ho?t ??ng. Còn l?i: 30 phút.
[00:28:42] Roblox không ho?t ??ng. Còn l?i: 30 phút.
[00:29:12] Roblox không ho?t ??ng. Còn l?i: 30 phút.
[00:29:43] Roblox không ho?t ??ng. Còn l?i: 30 phút.
[00:30:13] Roblox không ho?t ??ng. Còn l?i: 30 phút.
[00:30:43] Roblox không ho?t ??ng. Còn l?i: 30 phút.
[00:31:13] Roblox không ho?t ??ng. Còn l?i: 30 phút.
[00:31:43] Roblox không ho?t ??ng. Còn l?i: 30 phút.
[00:32:14] Roblox không ho?t ??ng. Còn l?i: 30 phút.
[00:32:44] Roblox không ho?t ??ng. Còn l?i: 30 phút.
[00:33:14] Roblox không ho?t ??ng. Còn l?i: 30 phút.
[00:33:44] Roblox không ho?t ??ng. Còn l?i: 30 phút.
[00:34:14] Roblox không ho?t ??ng. Còn l?i: 30 phút.
[00:34:45] Roblox không ho?t ??ng. Còn l?i: 30 phút.
[00:35:15] Roblox không ho?t ??ng. Còn l?i: 30 phút.
[00:35:45] Roblox không ho?t ??ng. Còn l?i: 30 phút.
[00:36:15] Roblox không ho?t ??ng. Còn l?i: 30 phút.
[00:36:45] Roblox không ho?t ??ng. Còn l?i: 30 phút.
[00:37:16] Roblox không ho?t ??ng. Còn l?i: 30 phút.
[00:37:46] Roblox không ho?t ??ng. Còn l?i: 30 phút.
[00:38:16] Roblox không ho?t ??ng. Còn l?i: 30 phút.
[00:38:46] Roblox không ho?t ??ng. Còn l?i: 30 phút.
[00:39:16] Roblox không ho?t ??ng. Còn l?i: 30 phút.
[00:39:47] Roblox không ho?t ??ng. Còn l?i: 30 phút.
[00:40:17] Roblox không ho?t ??ng. Còn l?i: 30 phút.
[00:40:47] Roblox không ho?t ??ng. Còn l?i: 30 phút.
[00:41:17] Roblox không ho?t ??ng. Còn l?i: 30 phút.
[00:41:48] Roblox không ho?t ??ng. Còn l?i: 30 phút.
[00:42:18] Roblox không ho?t ??ng. Còn l?i: 30 phút.
[00:42:48] Roblox không ho?t ??ng. Còn l?i: 30 phút.
[00:43:18] Roblox không ho?t ??ng. Còn l?i: 30 phút.
[00:43:48] Roblox không ho?t ??ng. Còn l?i: 30 phút.
[00:44:19] Roblox không ho?t ??ng. Còn l?i: 30 phút.
[00:44:49] Roblox không ho?t ??ng. Còn l?i: 30 phút.
[00:45:19] Roblox không ho?t ??ng. Còn l?i: 30 phút.
[00:45:49] Roblox không ho?t ??ng. Còn l?i: 30 phút.
[00:46:19] Roblox không ho?t ??ng. Còn l?i: 30 phút.
[00:46:50] Roblox không ho?t ??ng. Còn l?i: 30 phút.
[00:47:20] Roblox không ho?t ??ng. Còn l?i: 30 phút.
[00:47:50] Roblox không ho?t ??ng. Còn l?i: 30 phút.
[00:48:20] Roblox không ho?t ??ng. Còn l?i: 30 phút.
[00:48:51] Roblox không ho?t ??ng. Còn l?i: 30 phút.
[00:49:21] Roblox không ho?t ??ng. Còn l?i: 30 phút.
[00:49:51] Roblox không ho?t ??ng. Còn l?i: 30 phút.
[00:50:21] Roblox không ho?t ??ng. Còn l?i: 30 phút.
[00:50:51] Roblox không ho?t ??ng. Còn l?i: 30 phút.
[00:51:22] Roblox không ho?t ??ng. Còn l?i: 30 phút.
[00:51:52] Roblox không ho?t ??ng. Còn l?i: 30 phút.
[00:52:22] Roblox không ho?t ??ng. Còn l?i: 30 phút.
[00:52:52] Roblox không ho?t ??ng. Còn l?i: 30 phút.
[00:53:22] Roblox không ho?t ??ng. Còn l?i: 30 phút.
[00:53:53] Roblox không ho?t ??ng. Còn l?i: 30 phút.
[00:54:23] Roblox không ho?t ??ng. Còn l?i: 30 phút.
[00:54:53] Roblox không ho?t ??ng. Còn l?i: 30 phút.
[00:55:23] Roblox không ho?t ??ng. Còn l?i: 30 phút.
[00:55:53] Roblox không ho?t ??ng. Còn l?i: 30 phút.
[00:56:24] Roblox không ho?t ??ng. Còn l?i: 30 phút.
[00:56:54] Roblox không ho?t ??ng. Còn l?i: 30 phút.
[00:57:24] Roblox không ho?t ??ng. Còn l?i: 30 phút.
[00:57:54] Roblox không ho?t ??ng. Còn l?i: 30 phút.
[00:58:24] Roblox không ho?t ??ng. Còn l?i: 30 phút.
[00:58:55] Roblox không ho?t ??ng. Còn l?i: 30 phút.
[00:59:25] Roblox không ho?t ??ng. Còn l?i: 30 phút.
[00:59:55] Roblox không ho?t ??ng. Còn l?i: 30 phút.
[01:00:25] Roblox không ho?t ??ng. Còn l?i: 30 phút.
[01:00:55] Roblox không ho?t ??ng. Còn l?i: 30 phút.
[01:01:26] Roblox không ho?t ??ng. Còn l?i: 30 phút.
[01:01:56] Roblox không ho?t ??ng. Còn l?i: 30 phút.
[01:02:26] Roblox không ho?t ??ng. Còn l?i: 30 phút.
[01:02:56] Roblox không ho?t ??ng. Còn l?i: 30 phút.
[01:03:27] Roblox không ho?t ??ng. Còn l?i: 30 phút.
[01:03:57] Roblox không ho?t ??ng. Còn l?i: 30 phút.
[01:04:27] Roblox không ho?t ??ng. Còn l?i: 30 phút.
[01:04:57] Roblox không ho?t ??ng. Còn l?i: 30 phút.
[01:05:27] Roblox không ho?t ??ng. Còn l?i: 30 phút.
[01:05:58] Roblox không ho?t ??ng. Còn l?i: 30 phút.
[01:06:28] Roblox không ho?t ??ng. Còn l?i: 30 phút.
[01:06:58] Roblox không ho?t ??ng. Còn l?i: 30 phút.
[01:07:28] Roblox không ho?t ??ng. Còn l?i: 30 phút.
[01:07:58] Roblox không ho?t ??ng. Còn l?i: 30 phút.
[01:08:29] Roblox không ho?t ??ng. Còn l?i: 30 phút.
[01:08:59] Roblox không ho?t ??ng. Còn l?i: 30 phút.
[01:09:29] Roblox không ho?t ??ng. Còn l?i: 30 phút.
[01:09:59] Roblox không ho?t ??ng. Còn l?i: 30 phút.
[01:10:29] Roblox không ho?t ??ng. Còn l?i: 30 phút.
[01:11:00] Roblox không ho?t ??ng. Còn l?i: 30 phút.
[01:11:30] Roblox không ho?t ??ng. Còn l?i: 30 phút.
[01:12:00] Roblox không ho?t ??ng. Còn l?i: 30 phút.
[01:12:30] Roblox không ho?t ??ng. Còn l?i: 30 phút.
[01:13:00] Roblox không ho?t ??ng. Còn l?i: 30 phút.
[01:13:30] Roblox không ho?t ??ng. Còn l?i: 30 phút.
[01:14:01] Roblox không ho?t ??ng. Còn l?i: 30 phút.
[01:14:31] Roblox không ho?t ??ng. Còn l?i: 30 phút.
[01:15:01] Roblox không ho?t ??ng. Còn l?i: 30 phút.
[01:15:31] Roblox không ho?t ??ng. Còn l?i: 30 phút.
[01:16:01] Roblox không ho?t ??ng. Còn l?i: 30 phút.
[01:16:32] Roblox không ho?t ??ng. Còn l?i: 30 phút.
[01:17:02] Roblox không ho?t ??ng. Còn l?i: 30 phút.
[01:17:32] Roblox không ho?t ??ng. Còn l?i: 30 phút.
[01:18:02] Roblox không ho?t ??ng. Còn l?i: 30 phút.
[01:18:32] Roblox không ho?t ??ng. Còn l?i: 30 phút.
[01:19:03] Roblox không ho?t ??ng. Còn l?i: 30 phút.
[01:19:33] Roblox không ho?t ??ng. Còn l?i: 30 phút.
[01:20:03] Roblox không ho?t ??ng. Còn l?i: 30 phút.
[01:20:33] Roblox không ho?t ??ng. Còn l?i: 30 phút.
[01:21:03] Roblox không ho?t ??ng. Còn l?i: 30 phút.
[01:21:34] Roblox không ho?t ??ng. Còn l?i: 30 phút.
[01:22:04] Roblox không ho?t ??ng. Còn l?i: 30 phút.
[01:22:34] Roblox không ho?t ??ng. Còn l?i: 30 phút.
[01:23:04] Roblox không ho?t ??ng. Còn l?i: 30 phút.
[01:23:34] Roblox không ho?t ??ng. Còn l?i: 30 phút.
[01:24:05] Roblox không ho?t ??ng. Còn l?i: 30 phút.
[01:24:35] Roblox không ho?t ??ng. Còn l?i: 30 phút.
[01:25:05] Roblox không ho?t ??ng. Còn l?i: 30 phút.
[01:25:35] Roblox không ho?t ??ng. Còn l?i: 30 phút.
[01:26:05] Roblox không ho?t ??ng. Còn l?i: 30 phút.
[01:26:36] Roblox không ho?t ??ng. Còn l?i: 30 phút.
[01:27:06] Roblox không ho?t ??ng. Còn l?i: 30 phút.
[01:27:36] Roblox không ho?t ??ng. Còn l?i: 30 phút.
[01:28:06] Roblox không ho?t ??ng. Còn l?i: 30 phút.
[01:28:36] Roblox không ho?t ??ng. Còn l?i: 30 phút.
[01:29:07] Roblox không ho?t ??ng. Còn l?i: 30 phút.
[01:29:37] Roblox không ho?t ??ng. Còn l?i: 30 phút.
[01:30:07] Roblox không ho?t ??ng. Còn l?i: 30 phút.
[01:30:37] Roblox không ho?t ??ng. Còn l?i: 30 phút.
[01:31:07] Roblox không ho?t ??ng. Còn l?i: 30 phút.
[01:31:37] Roblox không ho?t ??ng. Còn l?i: 30 phút.
[01:32:08] Roblox không ho?t ??ng. Còn l?i: 30 phút.
[01:32:38] Roblox không ho?t ??ng. Còn l?i: 30 phút.
[01:33:08] Roblox không ho?t ??ng. Còn l?i: 30 phút.
[01:33:38] Roblox không ho?t ??ng. Còn l?i: 30 phút.
[01:34:09] Roblox không ho?t ??ng. Còn l?i: 30 phút.
[01:34:39] Roblox không ho?t ??ng. Còn l?i: 30 phút.
[01:35:09] Roblox không ho?t ??ng. Còn l?i: 30 phút.
[01:35:39] Roblox không ho?t ??ng. Còn l?i: 30 phút.
[01:36:09] Roblox không ho?t ??ng. Còn l?i: 30 phút.
[01:36:40] Roblox không ho?t ??ng. Còn l?i: 30 phút.
[01:37:10] Roblox không ho?t ??ng. Còn l?i: 30 phút.
[01:37:40] Roblox không ho?t ??ng. Còn l?i: 30 phút.
[01:38:10] Roblox không ho?t ??ng. Còn l?i: 30 phút.
[01:38:40] Roblox không ho?t ??ng. Còn l?i: 30 phút.
[01:39:11] Roblox không ho?t ??ng. Còn l?i: 30 phút.
[01:39:41] Roblox không ho?t ??ng. Còn l?i: 30 phút.
[01:40:11] Roblox không ho?t ??ng. Còn l?i: 30 phút.
[01:40:41] Roblox không ho?t ??ng. Còn l?i: 30 phút.
[01:41:11] Roblox không ho?t ??ng. Còn l?i: 30 phút.
[01:41:42] Roblox không ho?t ??ng. Còn l?i: 30 phút.
[01:42:12] Roblox không ho?t ??ng. Còn l?i: 30 phút.
[01:42:42] Roblox không ho?t ??ng. Còn l?i: 30 phút.
[01:43:12] Roblox không ho?t ??ng. Còn l?i: 30 phút.
[01:43:43] Roblox không ho?t ??ng. Còn l?i: 30 phút.
[01:44:13] Roblox không ho?t ??ng. Còn l?i: 30 phút.
[01:44:43] Roblox không ho?t ??ng. Còn l?i: 30 phút.
[01:45:13] Roblox không ho?t ??ng. Còn l?i: 30 phút.
[01:45:43] Roblox không ho?t ??ng. Còn l?i: 30 phút.
[01:46:14] Roblox không ho?t ??ng. Còn l?i: 30 phút.
[01:46:44] Roblox không ho?t ??ng. Còn l?i: 30 phút.
[01:47:14] Roblox không ho?t ??ng. Còn l?i: 30 phút.
[01:47:44] Roblox không ho?t ??ng. Còn l?i: 30 phút.
[01:48:14] Roblox không ho?t ??ng. Còn l?i: 30 phút.
[01:48:45] Roblox không ho?t ??ng. Còn l?i: 30 phút.
[01:49:15] Roblox không ho?t ??ng. Còn l?i: 30 phút.
[01:49:45] Roblox không ho?t ??ng. Còn l?i: 30 phút.
[01:50:15] Roblox không ho?t ??ng. Còn l?i: 30 phút.
[01:50:45] Roblox không ho?t ??ng. Còn l?i: 30 phút.
[01:51:16] Roblox không ho?t ??ng. Còn l?i: 30 phút.
[01:51:46] Roblox không ho?t ??ng. Còn l?i: 30 phút.
[01:52:16] Roblox không ho?t ??ng. Còn l?i: 30 phút.
[01:52:46] Roblox không ho?t ??ng. Còn l?i: 30 phút.
[01:53:17] Roblox không ho?t ??ng. Còn l?i: 30 phút.
[01:53:47] Roblox không ho?t ??ng. Còn l?i: 30 phút.
[01:54:17] Roblox không ho?t ??ng. Còn l?i: 30 phút.
[01:54:47] Roblox không ho?t ??ng. Còn l?i: 30 phút.
[01:55:17] Roblox không ho?t ??ng. Còn l?i: 30 phút.
[01:55:48] Roblox không ho?t ??ng. Còn l?i: 30 phút.
[01:56:18] Roblox không ho?t ??ng. Còn l?i: 30 phút.
[01:56:48] Roblox không ho?t ??ng. Còn l?i: 30 phút.
[01:57:18] Roblox không ho?t ??ng. Còn l?i: 30 phút.
[01:57:48] Roblox không ho?t ??ng. Còn l?i: 30 phút.
[01:58:18] Roblox không ho?t ??ng. Còn l?i: 30 phút.
[01:58:49] Roblox không ho?t ??ng. Còn l?i: 30 phút.
[01:59:19] Roblox không ho?t ??ng. Còn l?i: 30 phút.
[01:59:49] Roblox không ho?t ??ng. Còn l?i: 30 phút.
[02:00:19] Roblox không ho?t ??ng. Còn l?i: 30 phút.
[02:00:49] Roblox không ho?t ??ng. Còn l?i: 30 phút.
[02:01:20] Roblox không ho?t ??ng. Còn l?i: 30 phút.
[02:01:50] Roblox không ho?t ??ng. Còn l?i: 30 phút.
[02:02:20] Roblox không ho?t ??ng. Còn l?i: 30 phút.
[02:02:50] Roblox không ho?t ??ng. Còn l?i: 30 phút.
[02:03:20] Roblox không ho?t ??ng. Còn l?i: 30 phút.
[02:03:51] Roblox không ho?t ??ng. Còn l?i: 30 phút.
[02:04:21] Roblox không ho?t ??ng. Còn l?i: 30 phút.
[02:04:51] Roblox không ho?t ??ng. Còn l?i: 30 phút.
[02:05:21] Roblox không ho?t ??ng. Còn l?i: 30 phút.
[02:05:51] Roblox không ho?t ??ng. Còn l?i: 30 phút.
[02:06:22] Roblox không ho?t ??ng. Còn l?i: 30 phút.
[02:06:52] Roblox không ho?t ??ng. Còn l?i: 30 phút.
[02:07:22] Roblox không ho?t ??ng. Còn l?i: 30 phút.
[02:07:52] Roblox không ho?t ??ng. Còn l?i: 30 phút.
[02:08:22] Roblox không ho?t ??ng. Còn l?i: 30 phút.
[02:08:53] Roblox không ho?t ??ng. Còn l?i: 30 phút.
[02:09:23] Roblox không ho?t ??ng. Còn l?i: 30 phút.
[02:09:53] Roblox không ho?t ??ng. Còn l?i: 30 phút.
[02:10:23] Roblox không ho?t ??ng. Còn l?i: 30 phút.
[02:10:54] Roblox không ho?t ??ng. Còn l?i: 30 phút.
[02:11:24] Roblox không ho?t ??ng. Còn l?i: 30 phút.
[02:11:54] Roblox không ho?t ??ng. Còn l?i: 30 phút.
[02:12:24] Roblox không ho?t ??ng. Còn l?i: 30 phút.
[02:12:54] Roblox không ho?t ??ng. Còn l?i: 30 phút.
[02:13:25] Roblox không ho?t ??ng. Còn l?i: 30 phút.
[02:13:55] Roblox không ho?t ??ng. Còn l?i: 30 phút.
[02:14:25] Roblox không ho?t ??ng. Còn l?i: 30 phút.
[02:14:55] Roblox không ho?t ??ng. Còn l?i: 30 phút.
[02:15:25] Roblox không ho?t ??ng. Còn l?i: 30 phút.
[02:15:56] Roblox không ho?t ??ng. Còn l?i: 30 phút.
[02:16:26] Roblox không ho?t ??ng. Còn l?i: 30 phút.
[02:16:56] Roblox không ho?t ??ng. Còn l?i: 30 phút.
[02:17:26] Roblox không ho?t ??ng. Còn l?i: 30 phút.
[02:17:56] Roblox không ho?t ??ng. Còn l?i: 30 phút.
[02:18:27] Roblox không ho?t ??ng. Còn l?i: 30 phút.
[02:18:57] Roblox không ho?t ??ng. Còn l?i: 30 phút.
[02:19:27] Roblox không ho?t ??ng. Còn l?i: 30 phút.
[02:19:57] Roblox không ho?t ??ng. Còn l?i: 30 phút.
[02:20:27] Roblox không ho?t ??ng. Còn l?i: 30 phút.
[02:20:58] Roblox không ho?t ??ng. Còn l?i: 30 phút.
[02:21:28] Roblox không ho?t ??ng. Còn l?i: 30 phút.
[02:21:58] Roblox không ho?t ??ng. Còn l?i: 30 phút.
[02:22:28] Roblox không ho?t ??ng. Còn l?i: 30 phút.
[02:22:58] Roblox không ho?t ??ng. Còn l?i: 30 phút.
[02:23:29] Roblox không ho?t ??ng. Còn l?i: 30 phút.
[02:23:59] Roblox không ho?t ??ng. Còn l?i: 30 phút.
[02:24:29] Roblox không ho?t ??ng. Còn l?i: 30 phút.
[02:24:59] Roblox không ho?t ??ng. Còn l?i: 30 phút.
[02:25:29] Roblox không ho?t ??ng. Còn l?i: 30 phút.
[02:25:59] Roblox không ho?t ??ng. Còn l?i: 30 phút.
[02:26:30] Roblox không ho?t ??ng. Còn l?i: 30 phút.
[02:27:00] Roblox không ho?t ??ng. Còn l?i: 30 phút.
[02:27:30] Roblox không ho?t ??ng. Còn l?i: 30 phút.
[02:28:00] Roblox không ho?t ??ng. Còn l?i: 30 phút.
[02:28:31] Roblox không ho?t ??ng. Còn l?i: 30 phút.
[02:29:01] Roblox không ho?t ??ng. Còn l?i: 30 phút.
[02:29:31] Roblox không ho?t ??ng. Còn l?i: 30 phút.
[02:30:01] Roblox không ho?t ??ng. Còn l?i: 30 phút.
[02:30:31] Roblox không ho?t ??ng. Còn l?i: 30 phút.
[02:31:02] Roblox không ho?t ??ng. Còn l?i: 30 phút.
[02:31:32] Roblox không ho?t ??ng. Còn l?i: 30 phút.
[02:32:02] Roblox không ho?t ??ng. Còn l?i: 30 phút.
[02:32:32] Roblox không ho?t ??ng. Còn l?i: 30 phút.
[02:33:02] Roblox không ho?t ??ng. Còn l?i: 30 phút.
[02:33:33] Roblox không ho?t ??ng. Còn l?i: 30 phút.
[02:34:03] Roblox không ho?t ??ng. Còn l?i: 30 phút.
[02:34:33] Roblox không ho?t ??ng. Còn l?i: 30 phút.
[02:35:03] Roblox không ho?t ??ng. Còn l?i: 30 phút.
[02:35:33] Roblox không ho?t ??ng. Còn l?i: 30 phút.
[02:36:04] Roblox không ho?t ??ng. Còn l?i: 30 phút.
[02:36:34] Roblox không ho?t ??ng. Còn l?i: 30 phút.
[02:37:04] Roblox không ho?t ??ng. Còn l?i: 30 phút.
[02:37:34] Roblox không ho?t ??ng. Còn l?i: 30 phút.
[02:38:05] Roblox không ho?t ??ng. Còn l?i: 30 phút.
[02:38:35] Roblox không ho?t ??ng. Còn l?i: 30 phút.
[02:39:05] Roblox không ho?t ??ng. Còn l?i: 30 phút.
[02:39:35] Roblox không ho?t ??ng. Còn l?i: 30 phút.
[02:40:05] Roblox không ho?t ??ng. Còn l?i: 30 phút.
[02:40:35] Roblox không ho?t ??ng. Còn l?i: 30 phút.
[02:41:06] Roblox không ho?t ??ng. Còn l?i: 30 phút.
[02:41:36] Roblox không ho?t ??ng. Còn l?i: 30 phút.
[02:42:06] Roblox không ho?t ??ng. Còn l?i: 30 phút.
[02:42:36] Roblox không ho?t ??ng. Còn l?i: 30 phút.
[02:43:06] Roblox không ho?t ??ng. Còn l?i: 30 phút.
[02:43:37] Roblox không ho?t ??ng. Còn l?i: 30 phút.
[02:44:07] Roblox không ho?t ??ng. Còn l?i: 30 phút.
[02:44:37] Roblox không ho?t ??ng. Còn l?i: 30 phút.
[02:45:07] Roblox không ho?t ??ng. Còn l?i: 30 phút.
[02:45:38] Roblox không ho?t ??ng. Còn l?i: 30 phút.
[02:46:08] Roblox không ho?t ??ng. Còn l?i: 30 phút.
[02:46:38] Roblox không ho?t ??ng. Còn l?i: 30 phút.
[02:47:08] Roblox không ho?t ??ng. Còn l?i: 30 phút.
[02:47:38] Roblox không ho?t ??ng. Còn l?i: 30 phút.
[02:48:08] Roblox không ho?t ??ng. Còn l?i: 30 phút.
[02:48:39] Roblox không ho?t ??ng. Còn l?i: 30 phút.
[02:49:09] Roblox không ho?t ??ng. Còn l?i: 30 phút.
[02:49:39] Roblox không ho?t ??ng. Còn l?i: 30 phút.
[02:50:09] Roblox không ho?t ??ng. Còn l?i: 30 phút.
[02:50:39] Roblox không ho?t ??ng. Còn l?i: 30 phút.
[02:51:10] Roblox không ho?t ??ng. Còn l?i: 30 phút.
[02:51:40] Roblox không ho?t ??ng. Còn l?i: 30 phút.
[02:52:10] Roblox không ho?t ??ng. Còn l?i: 30 phút.
[02:52:40] Roblox không ho?t ??ng. Còn l?i: 30 phút.
[02:53:10] Roblox không ho?t ??ng. Còn l?i: 30 phút.
[02:53:40] Roblox không ho?t ??ng. Còn l?i: 30 phút.
[02:54:11] Roblox không ho?t ??ng. Còn l?i: 30 phút.
[02:54:41] Roblox không ho?t ??ng. Còn l?i: 30 phút.
[02:55:11] Roblox không ho?t ??ng. Còn l?i: 30 phút.
[02:55:41] Roblox không ho?t ??ng. Còn l?i: 30 phút.
[02:56:11] Roblox không ho?t ??ng. Còn l?i: 30 phút.
[02:56:42] Roblox không ho?t ??ng. Còn l?i: 30 phút.
[02:57:12] Roblox không ho?t ??ng. Còn l?i: 30 phút.
[02:57:42] Roblox không ho?t ??ng. Còn l?i: 30 phút.
[02:58:12] Roblox không ho?t ??ng. Còn l?i: 30 phút.
[02:58:42] Roblox không ho?t ??ng. Còn l?i: 30 phút.
[02:59:13] Roblox không ho?t ??ng. Còn l?i: 30 phút.
[02:59:43] Roblox không ho?t ??ng. Còn l?i: 30 phút.
[03:00:13] Roblox không ho?t ??ng. Còn l?i: 30 phút.
[03:00:43] Roblox không ho?t ??ng. Còn l?i: 30 phút.
[03:01:14] Roblox không ho?t ??ng. Còn l?i: 30 phút.
[03:01:44] Roblox không ho?t ??ng. Còn l?i: 30 phút.
[03:02:14] Roblox không ho?t ??ng. Còn l?i: 30 phút.
[03:02:44] Roblox không ho?t ??ng. Còn l?i: 30 phút.
[03:03:14] Roblox không ho?t ??ng. Còn l?i: 30 phút.
[03:03:45] Roblox không ho?t ??ng. Còn l?i: 30 phút.
[03:04:15] Roblox không ho?t ??ng. Còn l?i: 30 phút.
[03:04:45] Roblox không ho?t ??ng. Còn l?i: 30 phút.
[03:05:15] Roblox không ho?t ??ng. Còn l?i: 30 phút.
[03:05:45] Roblox không ho?t ??ng. Còn l?i: 30 phút.
[03:06:16] Roblox không ho?t ??ng. Còn l?i: 30 phút.
[03:06:46] Roblox không ho?t ??ng. Còn l?i: 30 phút.
[03:07:16] Roblox không ho?t ??ng. Còn l?i: 30 phút.
[03:07:46] Roblox không ho?t ??ng. Còn l?i: 30 phút.
[03:08:16] Roblox không ho?t ??ng. Còn l?i: 30 phút.
[03:08:47] Roblox không ho?t ??ng. Còn l?i: 30 phút.
[03:09:17] Roblox không ho?t ??ng. Còn l?i: 30 phút.
[03:09:47] Roblox không ho?t ??ng. Còn l?i: 30 phút.
[03:10:17] Roblox không ho?t ??ng. Còn l?i: 30 phút.
[03:10:47] Roblox không ho?t ??ng. Còn l?i: 30 phút.
[03:11:18] Roblox không ho?t ??ng. Còn l?i: 30 phút.
[03:11:48] Roblox không ho?t ??ng. Còn l?i: 30 phút.
[03:12:18] Roblox không ho?t ??ng. Còn l?i: 30 phút.
[03:12:48] Roblox không ho?t ??ng. Còn l?i: 30 phút.
[03:13:18] Roblox không ho?t ??ng. Còn l?i: 30 phút.
[03:13:49] Roblox không ho?t ??ng. Còn l?i: 30 phút.
[03:14:19] Roblox không ho?t ??ng. Còn l?i: 30 phút.
[03:14:49] Roblox không ho?t ??ng. Còn l?i: 30 phút.
[03:15:19] Roblox không ho?t ??ng. Còn l?i: 30 phút.
[03:15:49] Roblox không ho?t ??ng. Còn l?i: 30 phút.
[03:16:20] Roblox không ho?t ??ng. Còn l?i: 30 phút.
[03:16:50] Roblox không ho?t ??ng. Còn l?i: 30 phút.
[03:17:20] Roblox không ho?t ??ng. Còn l?i: 30 phút.
[03:17:50] Roblox không ho?t ??ng. Còn l?i: 30 phút.
[03:18:20] Roblox không ho?t ??ng. Còn l?i: 30 phút.
[03:18:51] Roblox không ho?t ??ng. Còn l?i: 30 phút.
[03:19:21] Roblox không ho?t ??ng. Còn l?i: 30 phút.
[03:19:51] Roblox không ho?t ??ng. Còn l?i: 30 phút.
[03:20:21] Roblox không ho?t ??ng. Còn l?i: 30 phút.
[03:20:51] Roblox không ho?t ??ng. Còn l?i: 30 phút.
[03:21:22] Roblox không ho?t ??ng. Còn l?i: 30 phút.
[03:21:52] Roblox không ho?t ??ng. Còn l?i: 30 phút.
[03:22:22] Roblox không ho?t ??ng. Còn l?i: 30 phút.
[03:22:52] Roblox không ho?t ??ng. Còn l?i: 30 phút.
[03:23:22] Roblox không ho?t ??ng. Còn l?i: 30 phút.
[03:23:53] Roblox không ho?t ??ng. Còn l?i: 30 phút.
[03:24:23] Roblox không ho?t ??ng. Còn l?i: 30 phút.
[03:24:53] Roblox không ho?t ??ng. Còn l?i: 30 phút.
[03:25:23] Roblox không ho?t ??ng. Còn l?i: 30 phút.
[03:25:53] Roblox không ho?t ??ng. Còn l?i: 30 phút.
[03:26:24] Roblox không ho?t ??ng. Còn l?i: 30 phút.
[03:26:54] Roblox không ho?t ??ng. Còn l?i: 30 phút.
[03:27:24] Roblox không ho?t ??ng. Còn l?i: 30 phút.
[03:27:54] Roblox không ho?t ??ng. Còn l?i: 30 phút.
[03:28:24] Roblox không ho?t ??ng. Còn l?i: 30 phút.
[03:28:55] Roblox không ho?t ??ng. Còn l?i: 30 phút.
[03:29:25] Roblox không ho?t ??ng. Còn l?i: 30 phút.
[03:29:55] Roblox không ho?t ??ng. Còn l?i: 30 phút.
[03:30:25] Roblox không ho?t ??ng. Còn l?i: 30 phút.
[03:30:56] Roblox không ho?t ??ng. Còn l?i: 30 phút.
[03:31:26] Roblox không ho?t ??ng. Còn l?i: 30 phút.
[03:31:56] Roblox không ho?t ??ng. Còn l?i: 30 phút.
[03:32:26] Roblox không ho?t ??ng. Còn l?i: 30 phút.
[03:32:56] Roblox không ho?t ??ng. Còn l?i: 30 phút.
[03:33:27] Roblox không ho?t ??ng. Còn l?i: 30 phút.
[03:33:57] Roblox không ho?t ??ng. Còn l?i: 30 phút.
[03:34:27] Roblox không ho?t ??ng. Còn l?i: 30 phút.
[03:34:57] Roblox không ho?t ??ng. Còn l?i: 30 phút.
[03:35:27] Roblox không ho?t ??ng. Còn l?i: 30 phút.
[03:35:58] Roblox không ho?t ??ng. Còn l?i: 30 phút.
[03:36:28] Roblox không ho?t ??ng. Còn l?i: 30 phút.
[03:36:58] Roblox không ho?t ??ng. Còn l?i: 30 phút.
[03:37:28] Roblox không ho?t ??ng. Còn l?i: 30 phút.
[03:37:58] Roblox không ho?t ??ng. Còn l?i: 30 phút.
[03:38:29] Roblox không ho?t ??ng. Còn l?i: 30 phút.
[03:38:59] Roblox không ho?t ??ng. Còn l?i: 30 phút.
[03:39:29] Roblox không ho?t ??ng. Còn l?i: 30 phút.
[03:39:59] Roblox không ho?t ??ng. Còn l?i: 30 phút.
[03:40:29] Roblox không ho?t ??ng. Còn l?i: 30 phút.
[03:41:00] Roblox không ho?t ??ng. Còn l?i: 30 phút.
[03:41:30] Roblox không ho?t ??ng. Còn l?i: 30 phút.
[03:42:00] Roblox không ho?t ??ng. Còn l?i: 30 phút.
[03:42:30] Roblox không ho?t ??ng. Còn l?i: 30 phút.
[03:43:00] Roblox không ho?t ??ng. Còn l?i: 30 phút.
[03:43:31] Roblox không ho?t ??ng. Còn l?i: 30 phút.
[03:44:01] Roblox không ho?t ??ng. Còn l?i: 30 phút.
[03:44:31] Roblox không ho?t ??ng. Còn l?i: 30 phút.
[03:45:01] Roblox không ho?t ??ng. Còn l?i: 30 phút.
[03:45:31] Roblox không ho?t ??ng. Còn l?i: 30 phút.
[03:46:02] Roblox không ho?t ??ng. Còn l?i: 30 phút.
[03:46:32] Roblox không ho?t ??ng. Còn l?i: 30 phút.
[03:47:02] Roblox không ho?t ??ng. Còn l?i: 30 phút.
[03:47:32] Roblox không ho?t ??ng. Còn l?i: 30 phút.
[03:48:02] Roblox không ho?t ??ng. Còn l?i: 30 phút.
[03:48:33] Roblox không ho?t ??ng. Còn l?i: 30 phút.
[03:49:03] Roblox không ho?t ??ng. Còn l?i: 30 phút.
[03:49:33] Roblox không ho?t ??ng. Còn l?i: 30 phút.
[03:50:03] Roblox không ho?t ??ng. Còn l?i: 30 phút.
[03:50:33] Roblox không ho?t ??ng. Còn l?i: 30 phút.
[03:51:04] Roblox không ho?t ??ng. Còn l?i: 30 phút.
[03:51:34] Roblox không ho?t ??ng. Còn l?i: 30 phút.
[03:52:04] Roblox không ho?t ??ng. Còn l?i: 30 phút.
[03:52:34] Roblox không ho?t ??ng. Còn l?i: 30 phút.
[03:53:04] Roblox không ho?t ??ng. Còn l?i: 30 phút.
[03:53:35] Roblox không ho?t ??ng. Còn l?i: 30 phút.
[03:54:05] Roblox không ho?t ??ng. Còn l?i: 30 phút.
[03:54:35] Roblox không ho?t ??ng. Còn l?i: 30 phút.
[03:55:05] Roblox không ho?t ??ng. Còn l?i: 30 phút.
[03:55:35] Roblox không ho?t ??ng. Còn l?i: 30 phút.
[03:56:06] Roblox không ho?t ??ng. Còn l?i: 30 phút.
[03:56:36] Roblox không ho?t ??ng. Còn l?i: 30 phút.
[03:57:06] Roblox không ho?t ??ng. Còn l?i: 30 phút.
[03:57:36] Roblox không ho?t ??ng. Còn l?i: 30 phút.
[03:58:06] Roblox không ho?t ??ng. Còn l?i: 30 phút.
[03:58:36] Roblox không ho?t ??ng. Còn l?i: 30 phút.
[03:59:07] Roblox không ho?t ??ng. Còn l?i: 30 phút.
[03:59:37] Roblox không ho?t ??ng. Còn l?i: 30 phút.
[04:00:07] Roblox không ho?t ??ng. Còn l?i: 30 phút.
[04:00:37] Roblox không ho?t ??ng. Còn l?i: 30 phút.
[04:01:08] Roblox không ho?t ??ng. Còn l?i: 30 phút.
[04:01:38] Roblox không ho?t ??ng. Còn l?i: 30 phút.
[04:02:08] Roblox không ho?t ??ng. Còn l?i: 30 phút.
[04:02:38] Roblox không ho?t ??ng. Còn l?i: 30 phút.
[04:03:08] Roblox không ho?t ??ng. Còn l?i: 30 phút.
[04:03:39] Roblox không ho?t ??ng. Còn l?i: 30 phút.
[04:04:09] Roblox không ho?t ??ng. Còn l?i: 30 phút.
[04:04:39] Roblox không ho?t ??ng. Còn l?i: 30 phút.
[04:05:09] Roblox không ho?t ??ng. Còn l?i: 30 phút.
[04:05:39] Roblox không ho?t ??ng. Còn l?i: 30 phút.
[04:06:09] Roblox không ho?t ??ng. Còn l?i: 30 phút.
[04:06:40] Roblox không ho?t ??ng. Còn l?i: 30 phút.
[04:07:10] Roblox không ho?t ??ng. Còn l?i: 30 phút.
[04:07:40] Roblox không ho?t ??ng. Còn l?i: 30 phút.
[04:08:10] Roblox không ho?t ??ng. Còn l?i: 30 phút.
[04:08:40] Roblox không ho?t ??ng. Còn l?i: 30 phút.
[04:09:11] Roblox không ho?t ??ng. Còn l?i: 30 phút.
[04:09:41] Roblox không ho?t ??ng. Còn l?i: 30 phút.
[04:10:11] Roblox không ho?t ??ng. Còn l?i: 30 phút.
[04:10:41] Roblox không ho?t ??ng. Còn l?i: 30 phút.
[04:11:11] Roblox không ho?t ??ng. Còn l?i: 30 phút.
[04:11:42] Roblox không ho?t ??ng. Còn l?i: 30 phút.
[04:12:12] Roblox không ho?t ??ng. Còn l?i: 30 phút.
[04:12:42] Roblox không ho?t ??ng. Còn l?i: 30 phút.
[04:13:12] Roblox không ho?t ??ng. Còn l?i: 30 phút.
[04:13:42] Roblox không ho?t ??ng. Còn l?i: 30 phút.
[04:14:13] Roblox không ho?t ??ng. Còn l?i: 30 phút.
[04:14:43] Roblox không ho?t ??ng. Còn l?i: 30 phút.
[04:15:13] Roblox không ho?t ??ng. Còn l?i: 30 phút.
[04:15:43] Roblox không ho?t ??ng. Còn l?i: 30 phút.
[04:16:13] Roblox không ho?t ??ng. Còn l?i: 30 phút.
[04:16:44] Roblox không ho?t ??ng. Còn l?i: 30 phút.
[04:17:14] Roblox không ho?t ??ng. Còn l?i: 30 phút.
[04:17:44] Roblox không ho?t ??ng. Còn l?i: 30 phút.
[04:18:14] Roblox không ho?t ??ng. Còn l?i: 30 phút.
[04:18:45] Roblox không ho?t ??ng. Còn l?i: 30 phút.
[04:19:15] Roblox không ho?t ??ng. Còn l?i: 30 phút.
[04:19:45] Roblox không ho?t ??ng. Còn l?i: 30 phút.
[04:20:15] Roblox không ho?t ??ng. Còn l?i: 30 phút.
[04:20:45] Roblox không ho?t ??ng. Còn l?i: 30 phút.
[04:21:16] Roblox không ho?t ??ng. Còn l?i: 30 phút.
[04:21:46] Roblox không ho?t ??ng. Còn l?i: 30 phút.
[04:22:16] Roblox không ho?t ??ng. Còn l?i: 30 phút.
[04:22:46] Roblox không ho?t ??ng. Còn l?i: 30 phút.
[04:23:16] Roblox không ho?t ??ng. Còn l?i: 30 phút.
[04:23:47] Roblox không ho?t ??ng. Còn l?i: 30 phút.
[04:24:17] Roblox không ho?t ??ng. Còn l?i: 30 phút.
[04:24:47] Roblox không ho?t ??ng. Còn l?i: 30 phút.
[04:25:17] Roblox không ho?t ??ng. Còn l?i: 30 phút.
[04:25:47] Roblox không ho?t ??ng. Còn l?i: 30 phút.
[04:26:18] Roblox không ho?t ??ng. Còn l?i: 30 phút.
[04:26:48] Roblox không ho?t ??ng. Còn l?i: 30 phút.
[04:27:18] Roblox không ho?t ??ng. Còn l?i: 30 phút.
[04:27:48] Roblox không ho?t ??ng. Còn l?i: 30 phút.
[04:28:18] Roblox không ho?t ??ng. Còn l?i: 30 phút.
[04:28:49] Roblox không ho?t ??ng. Còn l?i: 30 phút.
[04:29:19] Roblox không ho?t ??ng. Còn l?i: 30 phút.
[04:29:49] Roblox không ho?t ??ng. Còn l?i: 30 phút.
[04:30:19] Roblox không ho?t ??ng. Còn l?i: 30 phút.
[04:30:49] Roblox không ho?t ??ng. Còn l?i: 30 phút.
[04:31:20] Roblox không ho?t ??ng. Còn l?i: 30 phút.
[04:31:50] Roblox không ho?t ??ng. Còn l?i: 30 phút.
[04:32:20] Roblox không ho?t ??ng. Còn l?i: 30 phút.
[04:32:50] Roblox không ho?t ??ng. Còn l?i: 30 phút.
[04:33:20] Roblox không ho?t ??ng. Còn l?i: 30 phút.
[04:33:51] Roblox không ho?t ??ng. Còn l?i: 30 phút.
[04:34:21] Roblox không ho?t ??ng. Còn l?i: 30 phút.
[04:34:51] Roblox không ho?t ??ng. Còn l?i: 30 phút.
[04:35:21] Roblox không ho?t ??ng. Còn l?i: 30 phút.
[04:35:52] Roblox không ho?t ??ng. Còn l?i: 30 phút.
[04:36:22] Roblox không ho?t ??ng. Còn l?i: 30 phút.
[04:36:52] Roblox không ho?t ??ng. Còn l?i: 30 phút.
[04:37:22] Roblox không ho?t ??ng. Còn l?i: 30 phút.
[04:37:52] Roblox không ho?t ??ng. Còn l?i: 30 phút.
[04:38:23] Roblox không ho?t ??ng. Còn l?i: 30 phút.
[04:38:53] Roblox không ho?t ??ng. Còn l?i: 30 phút.
[04:39:23] Roblox không ho?t ??ng. Còn l?i: 30 phút.
[04:39:53] Roblox không ho?t ??ng. Còn l?i: 30 phút.
[04:40:23] Roblox không ho?t ??ng. Còn l?i: 30 phút.
[04:40:54] Roblox không ho?t ??ng. Còn l?i: 30 phút.
[04:41:24] Roblox không ho?t ??ng. Còn l?i: 30 phút.
[04:41:54] Roblox không ho?t ??ng. Còn l?i: 30 phút.
[04:42:24] Roblox không ho?t ??ng. Còn l?i: 30 phút.
[04:42:54] Roblox không ho?t ??ng. Còn l?i: 30 phút.
[04:43:25] Roblox không ho?t ??ng. Còn l?i: 30 phút.
[04:43:55] Roblox không ho?t ??ng. Còn l?i: 30 phút.
[04:44:25] Roblox không ho?t ??ng. Còn l?i: 30 phút.
[04:44:55] Roblox không ho?t ??ng. Còn l?i: 30 phút.
[04:45:25] Roblox không ho?t ??ng. Còn l?i: 30 phút.
[04:45:55] Roblox không ho?t ??ng. Còn l?i: 30 phút.
[04:46:26] Roblox không ho?t ??ng. Còn l?i: 30 phút.
[04:46:56] Roblox không ho?t ??ng. Còn l?i: 30 phút.
[04:47:26] Roblox không ho?t ??ng. Còn l?i: 30 phút.
[04:47:56] Roblox không ho?t ??ng. Còn l?i: 30 phút.
[04:48:26] Roblox không ho?t ??ng. Còn l?i: 30 phút.
[04:48:57] Roblox không ho?t ??ng. Còn l?i: 30 phút.
[04:49:27] Roblox không ho?t ??ng. Còn l?i: 30 phút.
[04:49:57] Roblox không ho?t ??ng. Còn l?i: 30 phút.
[04:50:27] Roblox không ho?t ??ng. Còn l?i: 30 phút.
[04:50:57] Roblox không ho?t ??ng. Còn l?i: 30 phút.
[04:51:28] Roblox không ho?t ??ng. Còn l?i: 30 phút.
[04:51:58] Roblox không ho?t ??ng. Còn l?i: 30 phút.
[04:52:28] Roblox không ho?t ??ng. Còn l?i: 30 phút.
[04:52:58] Roblox không ho?t ??ng. Còn l?i: 30 phút.
[04:53:28] Roblox không ho?t ??ng. Còn l?i: 30 phút.
[04:53:59] Roblox không ho?t ??ng. Còn l?i: 30 phút.
[04:54:29] Roblox không ho?t ??ng. Còn l?i: 30 phút.
[04:54:59] Roblox không ho?t ??ng. Còn l?i: 30 phút.
[04:55:29] Roblox không ho?t ??ng. Còn l?i: 30 phút.
[04:56:00] Roblox không ho?t ??ng. Còn l?i: 30 phút.
[04:56:30] Roblox không ho?t ??ng. Còn l?i: 30 phút.
[04:57:00] Roblox không ho?t ??ng. Còn l?i: 30 phút.
[04:57:30] Roblox không ho?t ??ng. Còn l?i: 30 phút.
[04:58:00] Roblox không ho?t ??ng. Còn l?i: 30 phút.
[04:58:31] Roblox không ho?t ??ng. Còn l?i: 30 phút.
[04:59:01] Roblox không ho?t ??ng. Còn l?i: 30 phút.
[04:59:31] Roblox không ho?t ??ng. Còn l?i: 30 phút.
[05:00:01] Roblox không ho?t ??ng. Còn l?i: 30 phút.
[05:00:31] Roblox không ho?t ??ng. Còn l?i: 30 phút.
[05:01:02] Roblox không ho?t ??ng. Còn l?i: 30 phút.
[05:01:32] Roblox không ho?t ??ng. Còn l?i: 30 phút.
[05:02:02] Roblox không ho?t ??ng. Còn l?i: 30 phút.
[05:02:32] Roblox không ho?t ??ng. Còn l?i: 30 phút.
[05:03:02] Roblox không ho?t ??ng. Còn l?i: 30 phút.
[05:03:33] Roblox không ho?t ??ng. Còn l?i: 30 phút.
[05:04:03] Roblox không ho?t ??ng. Còn l?i: 30 phút.
[05:04:33] Roblox không ho?t ??ng. Còn l?i: 30 phút.
[05:05:03] Roblox không ho?t ??ng. Còn l?i: 30 phút.
[05:05:34] Roblox không ho?t ??ng. Còn l?i: 30 phút.
[05:06:04] Roblox không ho?t ??ng. Còn l?i: 30 phút.
[05:06:34] Roblox không ho?t ??ng. Còn l?i: 30 phút.
[05:07:04] Roblox không ho?t ??ng. Còn l?i: 30 phút.
[05:07:34] Roblox không ho?t ??ng. Còn l?i: 30 phút.
[05:08:04] Roblox không ho?t ??ng. Còn l?i: 30 phút.
[05:08:35] Roblox không ho?t ??ng. Còn l?i: 30 phút.
[05:09:05] Roblox không ho?t ??ng. Còn l?i: 30 phút.
[05:09:35] Roblox không ho?t ??ng. Còn l?i: 30 phút.
[05:10:05] Roblox không ho?t ??ng. Còn l?i: 30 phút.
[05:10:35] Roblox không ho?t ??ng. Còn l?i: 30 phút.
[05:11:06] Roblox không ho?t ??ng. Còn l?i: 30 phút.
[05:11:36] Roblox không ho?t ??ng. Còn l?i: 30 phút.
[05:12:06] Roblox không ho?t ??ng. Còn l?i: 30 phút.
[05:12:36] Roblox không ho?t ??ng. Còn l?i: 30 phút.
[05:13:06] Roblox không ho?t ??ng. Còn l?i: 30 phút.
[05:13:37] Roblox không ho?t ??ng. Còn l?i: 30 phút.
[05:14:07] Roblox không ho?t ??ng. Còn l?i: 30 phút.
[05:14:37] Roblox không ho?t ??ng. Còn l?i: 30 phút.
[05:15:07] Roblox không ho?t ??ng. Còn l?i: 30 phút.
[05:15:37] Roblox không ho?t ??ng. Còn l?i: 30 phút.
[05:16:08] Roblox không ho?t ??ng. Còn l?i: 30 phút.
[05:16:38] Roblox không ho?t ??ng. Còn l?i: 30 phút.
[05:17:08] Roblox không ho?t ??ng. Còn l?i: 30 phút.
[05:17:38] Roblox không ho?t ??ng. Còn l?i: 30 phút.
[05:18:08] Roblox không ho?t ??ng. Còn l?i: 30 phút.
[05:18:39] Roblox không ho?t ??ng. Còn l?i: 30 phút.
[05:19:09] Roblox không ho?t ??ng. Còn l?i: 30 phút.
[05:19:39] Roblox không ho?t ??ng. Còn l?i: 30 phút.
[05:20:09] Roblox không ho?t ??ng. Còn l?i: 30 phút.
[05:20:40] Roblox không ho?t ??ng. Còn l?i: 30 phút.
[05:21:10] Roblox không ho?t ??ng. Còn l?i: 30 phút.
[05:21:40] Roblox không ho?t ??ng. Còn l?i: 30 phút.
[05:22:10] Roblox không ho?t ??ng. Còn l?i: 30 phút.
[05:22:40] Roblox không ho?t ??ng. Còn l?i: 30 phút.
[05:23:10] Roblox không ho?t ??ng. Còn l?i: 30 phút.
[05:23:41] Roblox không ho?t ??ng. Còn l?i: 30 phút.
[05:24:11] Roblox không ho?t ??ng. Còn l?i: 30 phút.
[05:24:41] Roblox không ho?t ??ng. Còn l?i: 30 phút.
[05:25:11] Roblox không ho?t ??ng. Còn l?i: 30 phút.
[05:25:41] Roblox không ho?t ??ng. Còn l?i: 30 phút.
[05:26:12] Roblox không ho?t ??ng. Còn l?i: 30 phút.
[05:26:42] Roblox không ho?t ??ng. Còn l?i: 30 phút.
[05:27:12] Roblox không ho?t ??ng. Còn l?i: 30 phút.
[05:27:42] Roblox không ho?t ??ng. Còn l?i: 30 phút.
[05:28:13] Roblox không ho?t ??ng. Còn l?i: 30 phút.
[05:28:43] Roblox không ho?t ??ng. Còn l?i: 30 phút.
[05:29:13] Roblox không ho?t ??ng. Còn l?i: 30 phút.
[05:29:43] Roblox không ho?t ??ng. Còn l?i: 30 phút.
[05:30:14] Roblox không ho?t ??ng. Còn l?i: 30 phút.
[05:30:44] Roblox không ho?t ??ng. Còn l?i: 30 phút.
[05:31:14] Roblox không ho?t ??ng. Còn l?i: 30 phút.
[05:31:44] Roblox không ho?t ??ng. Còn l?i: 30 phút.
[05:32:14] Roblox không ho?t ??ng. Còn l?i: 30 phút.
[05:32:45] Roblox không ho?t ??ng. Còn l?i: 30 phút.
[05:33:15] Roblox không ho?t ??ng. Còn l?i: 30 phút.
[05:33:45] Roblox không ho?t ??ng. Còn l?i: 30 phút.
[05:34:15] Roblox không ho?t ??ng. Còn l?i: 30 phút.
[05:34:45] Roblox không ho?t ??ng. Còn l?i: 30 phút.
[05:35:15] Roblox không ho?t ??ng. Còn l?i: 30 phút.
[05:35:46] Roblox không ho?t ??ng. Còn l?i: 30 phút.
[05:36:16] Roblox không ho?t ??ng. Còn l?i: 30 phút.
[05:36:46] Roblox không ho?t ??ng. Còn l?i: 30 phút.
[05:37:16] Roblox không ho?t ??ng. Còn l?i: 30 phút.
[05:37:46] Roblox không ho?t ??ng. Còn l?i: 30 phút.
[05:38:17] Roblox không ho?t ??ng. Còn l?i: 30 phút.
[05:38:47] Roblox không ho?t ??ng. Còn l?i: 30 phút.
[05:39:17] Roblox không ho?t ??ng. Còn l?i: 30 phút.
[05:39:47] Roblox không ho?t ??ng. Còn l?i: 30 phút.
[05:40:18] Roblox không ho?t ??ng. Còn l?i: 30 phút.
[05:40:48] Roblox không ho?t ??ng. Còn l?i: 30 phút.
[05:41:18] Roblox không ho?t ??ng. Còn l?i: 30 phút.
[05:41:48] Roblox không ho?t ??ng. Còn l?i: 30 phút.
[05:42:18] Roblox không ho?t ??ng. Còn l?i: 30 phút.
[05:42:48] Roblox không ho?t ??ng. Còn l?i: 30 phút.
[05:43:19] Roblox không ho?t ??ng. Còn l?i: 30 phút.
[05:43:49] Roblox không ho?t ??ng. Còn l?i: 30 phút.
[05:44:19] Roblox không ho?t ??ng. Còn l?i: 30 phút.
[05:44:49] Roblox không ho?t ??ng. Còn l?i: 30 phút.
[05:45:20] Roblox không ho?t ??ng. Còn l?i: 30 phút.
[05:45:50] Roblox không ho?t ??ng. Còn l?i: 30 phút.
[05:46:20] Roblox không ho?t ??ng. Còn l?i: 30 phút.
[05:46:50] Roblox không ho?t ??ng. Còn l?i: 30 phút.
[05:47:20] Roblox không ho?t ??ng. Còn l?i: 30 phút.
[05:47:51] Roblox không ho?t ??ng. Còn l?i: 30 phút.
[05:48:21] Roblox không ho?t ??ng. Còn l?i: 30 phút.
[05:48:51] Roblox không ho?t ??ng. Còn l?i: 30 phút.
[05:49:21] Roblox không ho?t ??ng. Còn l?i: 30 phút.
[05:49:52] Roblox không ho?t ??ng. Còn l?i: 30 phút.
[05:50:22] Roblox không ho?t ??ng. Còn l?i: 30 phút.
[05:50:52] Roblox không ho?t ??ng. Còn l?i: 30 phút.
[05:51:22] Roblox không ho?t ??ng. Còn l?i: 30 phút.
[05:51:52] Roblox không ho?t ??ng. Còn l?i: 30 phút.
[05:52:22] Roblox không ho?t ??ng. Còn l?i: 30 phút.
[05:52:53] Roblox không ho?t ??ng. Còn l?i: 30 phút.
[05:53:23] Roblox không ho?t ??ng. Còn l?i: 30 phút.
[05:53:53] Roblox không ho?t ??ng. Còn l?i: 30 phút.
[05:54:23] Roblox không ho?t ??ng. Còn l?i: 30 phút.
[05:54:53] Roblox không ho?t ??ng. Còn l?i: 30 phút.
[05:55:24] Roblox không ho?t ??ng. Còn l?i: 30 phút.
[05:55:54] Roblox không ho?t ??ng. Còn l?i: 30 phút.
[05:56:24] Roblox không ho?t ??ng. Còn l?i: 30 phút.
[05:56:54] Roblox không ho?t ??ng. Còn l?i: 30 phút.
[05:57:24] Roblox không ho?t ??ng. Còn l?i: 30 phút.
[05:57:55] Roblox không ho?t ??ng. Còn l?i: 30 phút.
[05:58:25] Roblox không ho?t ??ng. Còn l?i: 30 phút.
[05:58:55] Roblox không ho?t ??ng. Còn l?i: 30 phút.
[05:59:25] Roblox không ho?t ??ng. Còn l?i: 30 phút.
[05:59:56] Roblox không ho?t ??ng. Còn l?i: 30 phút.
[06:00:26] Roblox không ho?t ??ng. Còn l?i: 30 phút.
[06:00:56] Roblox không ho?t ??ng. Còn l?i: 30 phút.
[06:01:26] Roblox không ho?t ??ng. Còn l?i: 30 phút.
[06:01:57] Roblox không ho?t ??ng. Còn l?i: 30 phút.
[06:02:27] Roblox không ho?t ??ng. Còn l?i: 30 phút.
[06:02:57] Roblox không ho?t ??ng. Còn l?i: 30 phút.
[06:03:27] Roblox không ho?t ??ng. Còn l?i: 30 phút.
[06:03:57] Roblox không ho?t ??ng. Còn l?i: 30 phút.
[06:04:28] Roblox không ho?t ??ng. Còn l?i: 30 phút.
[06:04:58] Roblox không ho?t ??ng. Còn l?i: 30 phút.
[06:05:28] Roblox không ho?t ??ng. Còn l?i: 30 phút.
[06:05:58] Roblox không ho?t ??ng. Còn l?i: 30 phút.
[06:06:28] Roblox không ho?t ??ng. Còn l?i: 30 phút.
[06:06:59] Roblox không ho?t ??ng. Còn l?i: 30 phút.
[06:07:29] Roblox không ho?t ??ng. Còn l?i: 30 phút.
[06:07:59] Roblox không ho?t ??ng. Còn l?i: 30 phút.
[06:08:29] Roblox không ho?t ??ng. Còn l?i: 30 phút.
[06:09:00] Roblox không ho?t ??ng. Còn l?i: 30 phút.
[06:09:30] Roblox không ho?t ??ng. Còn l?i: 30 phút.
[06:10:00] Roblox không ho?t ??ng. Còn l?i: 30 phút.
[06:10:30] Roblox không ho?t ??ng. Còn l?i: 30 phút.
[06:11:00] Roblox không ho?t ??ng. Còn l?i: 30 phút.
[06:11:31] Roblox không ho?t ??ng. Còn l?i: 30 phút.
[06:12:01] Roblox không ho?t ??ng. Còn l?i: 30 phút.
[06:12:31] Roblox không ho?t ??ng. Còn l?i: 30 phút.
[06:13:01] Roblox không ho?t ??ng. Còn l?i: 30 phút.
[06:13:31] Roblox không ho?t ??ng. Còn l?i: 30 phút.
[06:14:02] Roblox không ho?t ??ng. Còn l?i: 30 phút.
[06:14:32] Roblox không ho?t ??ng. Còn l?i: 30 phút.
[06:15:02] Roblox không ho?t ??ng. Còn l?i: 30 phút.
[06:15:32] Roblox không ho?t ??ng. Còn l?i: 30 phút.
[06:16:02] Roblox không ho?t ??ng. Còn l?i: 30 phút.
[06:16:33] Roblox không ho?t ??ng. Còn l?i: 30 phút.
[06:17:03] Roblox không ho?t ??ng. Còn l?i: 30 phút.
[06:17:33] Roblox không ho?t ??ng. Còn l?i: 30 phút.
[06:18:03] Roblox không ho?t ??ng. Còn l?i: 30 phút.
[06:18:33] Roblox không ho?t ??ng. Còn l?i: 30 phút.
[06:19:04] Roblox không ho?t ??ng. Còn l?i: 30 phút.
[06:19:34] Roblox không ho?t ??ng. Còn l?i: 30 phút.
[06:20:04] Roblox không ho?t ??ng. Còn l?i: 30 phút.
[06:20:34] Roblox không ho?t ??ng. Còn l?i: 30 phút.
[06:21:04] Roblox không ho?t ??ng. Còn l?i: 30 phút.
[06:21:35] Roblox không ho?t ??ng. Còn l?i: 30 phút.
[06:22:05] Roblox không ho?t ??ng. Còn l?i: 30 phút.
[06:22:35] Roblox không ho?t ??ng. Còn l?i: 30 phút.
[06:23:05] Roblox không ho?t ??ng. Còn l?i: 30 phút.
[06:23:35] Roblox không ho?t ??ng. Còn l?i: 30 phút.
[06:24:06] Roblox không ho?t ??ng. Còn l?i: 30 phút.
[06:24:36] Roblox không ho?t ??ng. Còn l?i: 30 phút.
[06:25:06] Roblox không ho?t ??ng. Còn l?i: 30 phút.
[06:25:36] Roblox không ho?t ??ng. Còn l?i: 30 phút.
[06:26:06] Roblox không ho?t ??ng. Còn l?i: 30 phút.
[06:26:36] Roblox không ho?t ??ng. Còn l?i: 30 phút.
[06:27:07] Roblox không ho?t ??ng. Còn l?i: 30 phút.
[06:27:37] Roblox không ho?t ??ng. Còn l?i: 30 phút.
[06:28:07] Roblox không ho?t ??ng. Còn l?i: 30 phút.
[06:28:37] Roblox không ho?t ??ng. Còn l?i: 30 phút.
[06:29:07] Roblox không ho?t ??ng. Còn l?i: 30 phút.
[06:29:38] Roblox không ho?t ??ng. Còn l?i: 30 phút.
[06:30:08] Roblox không ho?t ??ng. Còn l?i: 30 phút.
[06:30:38] Roblox không ho?t ??ng. Còn l?i: 30 phút.
[06:31:08] Roblox không ho?t ??ng. Còn l?i: 30 phút.
[06:31:38] Roblox không ho?t ??ng. Còn l?i: 30 phút.
[06:32:09] Roblox không ho?t ??ng. Còn l?i: 30 phút.
[06:32:39] Roblox không ho?t ??ng. Còn l?i: 30 phút.
[06:33:09] Roblox không ho?t ??ng. Còn l?i: 30 phút.
[06:33:39] Roblox không ho?t ??ng. Còn l?i: 30 phút.
[06:34:09] Roblox không ho?t ??ng. Còn l?i: 30 phút.
[06:34:40] Roblox không ho?t ??ng. Còn l?i: 30 phút.
[06:35:10] Roblox không ho?t ??ng. Còn l?i: 30 phút.
[06:35:40] Roblox không ho?t ??ng. Còn l?i: 30 phút.
[06:36:10] Roblox không ho?t ??ng. Còn l?i: 30 phút.
[06:36:40] Roblox không ho?t ??ng. Còn l?i: 30 phút.
[06:37:11] Roblox không ho?t ??ng. Còn l?i: 30 phút.
[06:37:41] Roblox không ho?t ??ng. Còn l?i: 30 phút.
[06:38:11] Roblox không ho?t ??ng. Còn l?i: 30 phút.
[06:38:41] Roblox không ho?t ??ng. Còn l?i: 30 phút.
[06:39:11] Roblox không ho?t ??ng. Còn l?i: 30 phút.
[06:39:42] Roblox không ho?t ??ng. Còn l?i: 30 phút.
[06:40:12] Roblox không ho?t ??ng. Còn l?i: 30 phút.
[06:40:42] Roblox không ho?t ??ng. Còn l?i: 30 phút.
[06:41:12] Roblox không ho?t ??ng. Còn l?i: 30 phút.
[06:41:42] Roblox không ho?t ??ng. Còn l?i: 30 phút.
[06:42:13] Roblox không ho?t ??ng. Còn l?i: 30 phút.
[06:42:43] Roblox không ho?t ??ng. Còn l?i: 30 phút.
[06:43:13] Roblox không ho?t ??ng. Còn l?i: 30 phút.
[06:43:43] Roblox không ho?t ??ng. Còn l?i: 30 phút.
[06:44:13] Roblox không ho?t ??ng. Còn l?i: 30 phút.
[06:44:44] Roblox không ho?t ??ng. Còn l?i: 30 phút.
[06:45:14] Roblox không ho?t ??ng. Còn l?i: 30 phút.
[06:45:44] Roblox không ho?t ??ng. Còn l?i: 30 phút.
[06:46:14] Roblox không ho?t ??ng. Còn l?i: 30 phút.
[06:46:44] Roblox không ho?t ??ng. Còn l?i: 30 phút.
[06:47:15] Roblox không ho?t ??ng. Còn l?i: 30 phút.
[06:47:45] Roblox không ho?t ??ng. Còn l?i: 30 phút.
[06:48:15] Roblox không ho?t ??ng. Còn l?i: 30 phút.
[06:48:45] Roblox không ho?t ??ng. Còn l?i: 30 phút.
[06:49:15] Roblox không ho?t ??ng. Còn l?i: 30 phút.
[06:49:46] Roblox không ho?t ??ng. Còn l?i: 30 phút.
[06:50:16] Roblox không ho?t ??ng. Còn l?i: 30 phút.
[06:50:46] Roblox không ho?t ??ng. Còn l?i: 30 phút.
[06:51:16] Roblox không ho?t ??ng. Còn l?i: 30 phút.
[06:51:46] Roblox không ho?t ??ng. Còn l?i: 30 phút.
[06:52:17] Roblox không ho?t ??ng. Còn l?i: 30 phút.
[06:52:47] Roblox không ho?t ??ng. Còn l?i: 30 phút.
[06:53:17] Roblox không ho?t ??ng. Còn l?i: 30 phút.
[06:53:47] Roblox không ho?t ??ng. Còn l?i: 30 phút.
[06:54:17] Roblox không ho?t ??ng. Còn l?i: 30 phút.
[06:54:48] Roblox không ho?t ??ng. Còn l?i: 30 phút.
[06:55:18] Roblox không ho?t ??ng. Còn l?i: 30 phút.
[06:55:48] Roblox không ho?t ??ng. Còn l?i: 30 phút.
[06:56:18] Roblox không ho?t ??ng. Còn l?i: 30 phút.
[06:56:48] Roblox không ho?t ??ng. Còn l?i: 30 phút.
[06:57:19] Roblox không ho?t ??ng. Còn l?i: 30 phút.
[06:57:49] Roblox không ho?t ??ng. Còn l?i: 30 phút.
[06:58:19] Roblox không ho?t ??ng. Còn l?i: 30 phút.
[06:58:49] Roblox không ho?t ??ng. Còn l?i: 30 phút.
[06:59:20] Roblox không ho?t ??ng. Còn l?i: 30 phút.
[06:59:50] Roblox không ho?t ??ng. Còn l?i: 30 phút.
[07:00:20] Roblox không ho?t ??ng. Còn l?i: 30 phút.
[07:00:50] Roblox không ho?t ??ng. Còn l?i: 30 phút.
[07:01:20] Roblox không ho?t ??ng. Còn l?i: 30 phút.
[07:01:50] Roblox không ho?t ??ng. Còn l?i: 30 phút.
[07:02:21] Roblox không ho?t ??ng. Còn l?i: 30 phút.
[07:02:51] Roblox không ho?t ??ng. Còn l?i: 30 phút.
[07:03:21] Roblox không ho?t ??ng. Còn l?i: 30 phút.
[07:03:51] Roblox không ho?t ??ng. Còn l?i: 30 phút.
[07:04:21] Roblox không ho?t ??ng. Còn l?i: 30 phút.
[07:04:52] Roblox không ho?t ??ng. Còn l?i: 30 phút.
[07:05:22] Roblox không ho?t ??ng. Còn l?i: 30 phút.
[07:05:52] Roblox không ho?t ??ng. Còn l?i: 30 phút.
[07:06:22] Roblox không ho?t ??ng. Còn l?i: 30 phút.
[07:06:53] Roblox không ho?t ??ng. Còn l?i: 30 phút.
[07:07:23] Roblox không ho?t ??ng. Còn l?i: 30 phút.
[07:07:53] Roblox không ho?t ??ng. Còn l?i: 30 phút.
[07:08:23] Roblox không ho?t ??ng. Còn l?i: 30 phút.
[07:08:53] Roblox không ho?t ??ng. Còn l?i: 30 phút.
[07:09:24] Roblox không ho?t ??ng. Còn l?i: 30 phút.
[07:09:54] Roblox không ho?t ??ng. Còn l?i: 30 phút.
[07:10:24] Roblox không ho?t ??ng. Còn l?i: 30 phút.
[07:10:54] Roblox không ho?t ??ng. Còn l?i: 30 phút.
[07:11:24] Roblox không ho?t ??ng. Còn l?i: 30 phút.
[07:11:55] Roblox không ho?t ??ng. Còn l?i: 30 phút.
[07:12:25] Roblox không ho?t ??ng. Còn l?i: 30 phút.
[07:12:55] Roblox không ho?t ??ng. Còn l?i: 30 phút.
[07:13:25] Roblox không ho?t ??ng. Còn l?i: 30 phút.
[07:13:55] Roblox không ho?t ??ng. Còn l?i: 30 phút.
[07:14:26] Roblox không ho?t ??ng. Còn l?i: 30 phút.
[07:14:56] Roblox không ho?t ??ng. Còn l?i: 30 phút.
[07:15:26] Roblox không ho?t ??ng. Còn l?i: 30 phút.
[07:15:56] Roblox không ho?t ??ng. Còn l?i: 30 phút.
[07:16:26] Roblox không ho?t ??ng. Còn l?i: 30 phút.
[07:16:57] Roblox không ho?t ??ng. Còn l?i: 30 phút.
[07:17:27] Roblox không ho?t ??ng. Còn l?i: 30 phút.
[07:17:57] Roblox không ho?t ??ng. Còn l?i: 30 phút.
[07:18:27] Roblox không ho?t ??ng. Còn l?i: 30 phút.
[07:18:57] Roblox không ho?t ??ng. Còn l?i: 30 phút.
[07:19:28] Roblox không ho?t ??ng. Còn l?i: 30 phút.
[07:19:58] Roblox không ho?t ??ng. Còn l?i: 30 phút.
[07:20:28] Roblox không ho?t ??ng. Còn l?i: 30 phút.
[07:20:58] Roblox không ho?t ??ng. Còn l?i: 30 phút.
[07:21:28] Roblox không ho?t ??ng. Còn l?i: 30 phút.
[07:21:59] Roblox không ho?t ??ng. Còn l?i: 30 phút.
[07:22:29] Roblox không ho?t ??ng. Còn l?i: 30 phút.
[07:22:59] Roblox không ho?t ??ng. Còn l?i: 30 phút.
[07:23:29] Roblox không ho?t ??ng. Còn l?i: 30 phút.
[07:23:59] Roblox không ho?t ??ng. Còn l?i: 30 phút.
[07:24:30] Roblox không ho?t ??ng. Còn l?i: 30 phút.
[07:25:00] Roblox không ho?t ??ng. Còn l?i: 30 phút.
[07:25:30] Roblox không ho?t ??ng. Còn l?i: 30 phút.
[07:26:00] Roblox không ho?t ??ng. Còn l?i: 30 phút.
[07:26:30] Roblox không ho?t ??ng. Còn l?i: 30 phút.
[07:27:01] Roblox không ho?t ??ng. Còn l?i: 30 phút.
[07:27:31] Roblox không ho?t ??ng. Còn l?i: 30 phút.
[07:28:01] Roblox không ho?t ??ng. Còn l?i: 30 phút.
[07:28:31] Roblox không ho?t ??ng. Còn l?i: 30 phút.
[07:29:01] Roblox không ho?t ??ng. Còn l?i: 30 phút.
[07:29:32] Roblox không ho?t ??ng. Còn l?i: 30 phút.
[07:30:02] Roblox không ho?t ??ng. Còn l?i: 30 phút.
[07:30:32] Roblox không ho?t ??ng. Còn l?i: 30 phút.
[07:31:02] Roblox không ho?t ??ng. Còn l?i: 30 phút.
[07:31:32] Roblox không ho?t ??ng. Còn l?i: 30 phút.
[07:32:03] Roblox không ho?t ??ng. Còn l?i: 30 phút.
[07:32:33] Roblox không ho?t ??ng. Còn l?i: 30 phút.
[07:33:03] Roblox không ho?t ??ng. Còn l?i: 30 phút.
[07:33:33] Roblox không ho?t ??ng. Còn l?i: 30 phút.
[07:34:03] Roblox không ho?t ??ng. Còn l?i: 30 phút.
[07:34:34] Roblox không ho?t ??ng. Còn l?i: 30 phút.
[07:35:04] Roblox không ho?t ??ng. Còn l?i: 30 phút.
[07:35:34] Roblox không ho?t ??ng. Còn l?i: 30 phút.
[07:36:04] Roblox không ho?t ??ng. Còn l?i: 30 phút.
[07:36:34] Roblox không ho?t ??ng. Còn l?i: 30 phút.
[07:37:05] Roblox không ho?t ??ng. Còn l?i: 30 phút.
[07:37:35] Roblox không ho?t ??ng. Còn l?i: 30 phút.
[07:38:05] Roblox không ho?t ??ng. Còn l?i: 30 phút.
[07:38:35] Roblox không ho?t ??ng. Còn l?i: 30 phút.
[07:39:05] Roblox không ho?t ??ng. Còn l?i: 30 phút.
[07:39:35] Roblox không ho?t ??ng. Còn l?i: 30 phút.
[07:40:06] Roblox không ho?t ??ng. Còn l?i: 30 phút.
[07:40:36] Roblox không ho?t ??ng. Còn l?i: 30 phút.
[07:41:06] Roblox không ho?t ??ng. Còn l?i: 30 phút.
[07:41:36] Roblox không ho?t ??ng. Còn l?i: 30 phút.
[07:42:06] Roblox không ho?t ??ng. Còn l?i: 30 phút.
[07:42:37] Roblox không ho?t ??ng. Còn l?i: 30 phút.
[07:43:07] Roblox không ho?t ??ng. Còn l?i: 30 phút.
[07:43:37] Roblox không ho?t ??ng. Còn l?i: 30 phút.
[07:44:13] Roblox không ho?t ??ng. Còn l?i: 30 phút.
[07:44:44] Roblox không ho?t ??ng. Còn l?i: 30 phút.
[07:45:14] Roblox không ho?t ??ng. Còn l?i: 30 phút.
[07:45:44] Roblox không ho?t ??ng. Còn l?i: 30 phút.
[07:46:14] Roblox không ho?t ??ng. Còn l?i: 30 phút.
[07:46:45] Roblox không ho?t ??ng. Còn l?i: 30 phút.
[07:47:15] Roblox không ho?t ??ng. Còn l?i: 30 phút.
[07:47:45] Roblox không ho?t ??ng. Còn l?i: 30 phút.
[07:48:15] Roblox không ho?t ??ng. Còn l?i: 30 phút.
[07:48:45] Roblox không ho?t ??ng. Còn l?i: 30 phút.
[07:49:16] Roblox không ho?t ??ng. Còn l?i: 30 phút.
[07:49:54] Roblox không ho?t ??ng. Còn l?i: 30 phút.
[07:50:24] Roblox không ho?t ??ng. Còn l?i: 30 phút.
[07:50:55] Roblox không ho?t ??ng. Còn l?i: 30 phút.
[07:51:25] Roblox không ho?t ??ng. Còn l?i: 30 phút.
[07:51:55] Roblox không ho?t ??ng. Còn l?i: 30 phút.
[07:52:26] Roblox không ho?t ??ng. Còn l?i: 30 phút.
[07:52:56] Roblox không ho?t ??ng. Còn l?i: 30 phút.
[07:53:26] Roblox không ho?t ??ng. Còn l?i: 30 phút.
[07:53:56] Roblox không ho?t ??ng. Còn l?i: 30 phút.
[07:54:27] Roblox không ho?t ??ng. Còn l?i: 30 phút.
[07:54:57] Roblox không ho?t ??ng. Còn l?i: 30 phút.
[07:55:27] Roblox không ho?t ??ng. Còn l?i: 30 phút.
[07:55:57] Roblox không ho?t ??ng. Còn l?i: 30 phút.
[07:56:27] Roblox không ho?t ??ng. Còn l?i: 30 phút.
[07:56:58] Roblox không ho?t ??ng. Còn l?i: 30 phút.
[07:57:28] Roblox không ho?t ??ng. Còn l?i: 30 phút.
[07:57:58] Roblox không ho?t ??ng. Còn l?i: 30 phút.
[07:58:28] Roblox không ho?t ??ng. Còn l?i: 30 phút.
[07:58:58] Roblox không ho?t ??ng. Còn l?i: 30 phút.
[07:59:29] Roblox không ho?t ??ng. Còn l?i: 30 phút.
[07:59:59] Roblox không ho?t ??ng. Còn l?i: 30 phút.
[08:00:29] Roblox không ho?t ??ng. Còn l?i: 30 phút.
[08:00:59] Roblox không ho?t ??ng. Còn l?i: 30 phút.
[08:01:29] Roblox không ho?t ??ng. Còn l?i: 30 phút.
[08:02:00] Roblox không ho?t ??ng. Còn l?i: 30 phút.
[08:02:30] Roblox không ho?t ??ng. Còn l?i: 30 phút.
[08:03:00] Roblox không ho?t ??ng. Còn l?i: 30 phút.
[08:03:30] Roblox không ho?t ??ng. Còn l?i: 30 phút.
[08:04:00] Roblox không ho?t ??ng. Còn l?i: 30 phút.
[08:04:31] Roblox không ho?t ??ng. Còn l?i: 30 phút.
[08:05:01] Roblox không ho?t ??ng. Còn l?i: 30 phút.
[08:05:31] Roblox không ho?t ??ng. Còn l?i: 30 phút.
[08:06:01] Roblox không ho?t ??ng. Còn l?i: 30 phút.
[08:06:31] Roblox không ho?t ??ng. Còn l?i: 30 phút.
[08:07:02] Roblox không ho?t ??ng. Còn l?i: 30 phút.
[08:07:32] Roblox không ho?t ??ng. Còn l?i: 30 phút.
[08:08:02] Roblox không ho?t ??ng. Còn l?i: 30 phút.
[08:08:32] Roblox không ho?t ??ng. Còn l?i: 30 phút.
[08:09:02] Roblox không ho?t ??ng. Còn l?i: 30 phút.
[08:09:33] Roblox không ho?t ??ng. Còn l?i: 30 phút.
[08:10:03] Roblox không ho?t ??ng. Còn l?i: 30 phút.
[08:10:33] Roblox không ho?t ??ng. Còn l?i: 30 phút.
[08:11:03] Roblox không ho?t ??ng. Còn l?i: 30 phút.
[08:11:33] Roblox không ho?t ??ng. Còn l?i: 30 phút.
[08:12:04] Roblox không ho?t ??ng. Còn l?i: 30 phút.
[08:12:34] Roblox không ho?t ??ng. Còn l?i: 30 phút.
[08:13:04] Roblox không ho?t ??ng. Còn l?i: 30 phút.
[08:13:34] Roblox không ho?t ??ng. Còn l?i: 30 phút.
[08:14:04] Roblox không ho?t ??ng. Còn l?i: 30 phút.
[08:14:35] Roblox không ho?t ??ng. Còn l?i: 30 phút.
[08:15:05] Roblox không ho?t ??ng. Còn l?i: 30 phút.
[08:15:35] Roblox không ho?t ??ng. Còn l?i: 30 phút.
[08:16:05] Roblox không ho?t ??ng. Còn l?i: 30 phút.
[08:16:35] Roblox không ho?t ??ng. Còn l?i: 30 phút.
[08:17:06] Roblox không ho?t ??ng. Còn l?i: 30 phút.
[08:17:36] Roblox không ho?t ??ng. Còn l?i: 30 phút.
[08:18:06] Roblox không ho?t ??ng. Còn l?i: 30 phút.
[08:18:36] Roblox không ho?t ??ng. Còn l?i: 30 phút.
[08:19:06] Roblox không ho?t ??ng. Còn l?i: 30 phút.
[08:19:37] Roblox không ho?t ??ng. Còn l?i: 30 phút.
[08:20:07] Roblox không ho?t ??ng. Còn l?i: 30 phút.
[08:20:37] Roblox không ho?t ??ng. Còn l?i: 30 phút.
[08:21:07] Roblox không ho?t ??ng. Còn l?i: 30 phút.
[08:21:37] Roblox không ho?t ??ng. Còn l?i: 30 phút.
[08:22:08] Roblox không ho?t ??ng. Còn l?i: 30 phút.
[08:22:38] Roblox không ho?t ??ng. Còn l?i: 30 phút.
[08:23:08] Roblox không ho?t ??ng. Còn l?i: 30 phút.
[08:23:38] Roblox không ho?t ??ng. Còn l?i: 30 phút.
[08:24:09] Roblox không ho?t ??ng. Còn l?i: 30 phút.
[08:24:39] Roblox không ho?t ??ng. Còn l?i: 30 phút.
[08:25:09] Roblox không ho?t ??ng. Còn l?i: 30 phút.
[08:25:39] Roblox không ho?t ??ng. Còn l?i: 30 phút.
[08:26:09] Roblox không ho?t ??ng. Còn l?i: 30 phút.
[08:26:40] Roblox không ho?t ??ng. Còn l?i: 30 phút.
[08:27:10] Roblox không ho?t ??ng. Còn l?i: 30 phút.
[08:27:40] Roblox không ho?t ??ng. Còn l?i: 30 phút.
[08:28:10] Roblox không ho?t ??ng. Còn l?i: 30 phút.
[08:28:40] Roblox không ho?t ??ng. Còn l?i: 30 phút.
[08:29:11] Roblox không ho?t ??ng. Còn l?i: 30 phút.
[08:29:41] Roblox không ho?t ??ng. Còn l?i: 30 phút.
[08:30:11] Roblox không ho?t ??ng. Còn l?i: 30 phút.
[08:30:41] Roblox không ho?t ??ng. Còn l?i: 30 phút.
[08:31:11] Roblox không ho?t ??ng. Còn l?i: 30 phút.
[08:31:42] Roblox không ho?t ??ng. Còn l?i: 30 phút.
[08:32:12] Roblox không ho?t ??ng. Còn l?i: 30 phút.
[08:32:42] Roblox không ho?t ??ng. Còn l?i: 30 phút.
[08:33:12] Roblox không ho?t ??ng. Còn l?i: 30 phút.
[08:33:42] Roblox không ho?t ??ng. Còn l?i: 30 phút.
[08:34:13] Roblox không ho?t ??ng. Còn l?i: 30 phút.
[08:34:43] Roblox không ho?t ??ng. Còn l?i: 30 phút.
[08:35:13] Roblox không ho?t ??ng. Còn l?i: 30 phút.
[08:35:43] Roblox không ho?t ??ng. Còn l?i: 30 phút.
[08:36:13] Roblox không ho?t ??ng. Còn l?i: 30 phút.
[08:36:44] Roblox không ho?t ??ng. Còn l?i: 30 phút.
[08:37:14] Roblox không ho?t ??ng. Còn l?i: 30 phút.
[08:37:44] Roblox không ho?t ??ng. Còn l?i: 30 phút.
[08:38:14] Roblox không ho?t ??ng. Còn l?i: 30 phút.
